Component: ARM Compiler 5.06 update 1 (build 61) Tool: armlink [4d35a8]

==============================================================================

Section Cross References

    system_stm32f7xx.o(i.SystemCoreClockUpdate) refers to system_stm32f7xx.o(.data) for SystemCoreClock
    system_stm32f7xx.o(i.SystemCoreClockUpdate) refers to system_stm32f7xx.o(.constdata) for AHBPrescTable
    system_stm32f7xx.o(i.SystemInit) refers to system_stm32f7xx.o(i.SystemInit_ExtMemCtl) for SystemInit_ExtMemCtl
    startup_stm32f767xx.o(STACK) refers (Special) to heapauxi.o(.text) for __use_two_region_memory
    startup_stm32f767xx.o(HEAP) refers (Special) to heapauxi.o(.text) for __use_two_region_memory
    startup_stm32f767xx.o(RESET) refers (Special) to heapauxi.o(.text) for __use_two_region_memory
    startup_stm32f767xx.o(RESET) refers to startup_stm32f767xx.o(STACK) for __initial_sp
    startup_stm32f767xx.o(RESET) refers to startup_stm32f767xx.o(.text) for Reset_Handler
    startup_stm32f767xx.o(RESET) refers to stm32f7xx_it.o(i.NMI_Handler) for NMI_Handler
    startup_stm32f767xx.o(RESET) refers to stm32f7xx_it.o(i.HardFault_Handler) for HardFault_Handler
    startup_stm32f767xx.o(RESET) refers to stm32f7xx_it.o(i.MemManage_Handler) for MemManage_Handler
    startup_stm32f767xx.o(RESET) refers to stm32f7xx_it.o(i.BusFault_Handler) for BusFault_Handler
    startup_stm32f767xx.o(RESET) refers to stm32f7xx_it.o(i.UsageFault_Handler) for UsageFault_Handler
    startup_stm32f767xx.o(RESET) refers to stm32f7xx_it.o(i.SVC_Handler) for SVC_Handler
    startup_stm32f767xx.o(RESET) refers to stm32f7xx_it.o(i.DebugMon_Handler) for DebugMon_Handler
    startup_stm32f767xx.o(RESET) refers to stm32f7xx_it.o(i.PendSV_Handler) for PendSV_Handler
    startup_stm32f767xx.o(RESET) refers to stm32f7xx_it.o(i.SysTick_Handler) for SysTick_Handler
    startup_stm32f767xx.o(RESET) refers to stm32f7xx_it.o(i.DMA2_Stream1_IRQHandler) for DMA2_Stream1_IRQHandler
    startup_stm32f767xx.o(RESET) refers to stm32f7xx_it.o(i.OTG_HS_EP1_OUT_IRQHandler) for OTG_HS_EP1_OUT_IRQHandler
    startup_stm32f767xx.o(RESET) refers to stm32f7xx_it.o(i.OTG_HS_EP1_IN_IRQHandler) for OTG_HS_EP1_IN_IRQHandler
    startup_stm32f767xx.o(RESET) refers to stm32f7xx_it.o(i.OTG_HS_IRQHandler) for OTG_HS_IRQHandler
    startup_stm32f767xx.o(RESET) refers to stm32f7xx_it.o(i.DCMI_IRQHandler) for DCMI_IRQHandler
    startup_stm32f767xx.o(.text) refers (Special) to heapauxi.o(.text) for __use_two_region_memory
    startup_stm32f767xx.o(.text) refers to system_stm32f7xx.o(i.SystemInit) for SystemInit
    startup_stm32f767xx.o(.text) refers to __main.o(!!!main) for __main
    startup_stm32f767xx.o(.text) refers to startup_stm32f767xx.o(HEAP) for Heap_Mem
    startup_stm32f767xx.o(.text) refers to startup_stm32f767xx.o(STACK) for Stack_Mem
    usbd_ctlreq.o(i.USBD_ClrFeature) refers to usbd_ioreq.o(i.USBD_CtlSendStatus) for USBD_CtlSendStatus
    usbd_ctlreq.o(i.USBD_ClrFeature) refers to usbd_ctlreq.o(i.USBD_CtlError) for USBD_CtlError
    usbd_ctlreq.o(i.USBD_CtlError) refers to usbd_conf.o(i.USBD_LL_StallEP) for USBD_LL_StallEP
    usbd_ctlreq.o(i.USBD_GetConfig) refers to usbd_ctlreq.o(i.USBD_CtlError) for USBD_CtlError
    usbd_ctlreq.o(i.USBD_GetConfig) refers to usbd_ioreq.o(i.USBD_CtlSendData) for USBD_CtlSendData
    usbd_ctlreq.o(i.USBD_GetDescriptor) refers to usbd_ctlreq.o(i.USBD_CtlError) for USBD_CtlError
    usbd_ctlreq.o(i.USBD_GetDescriptor) refers to usbd_ioreq.o(i.USBD_CtlSendData) for USBD_CtlSendData
    usbd_ctlreq.o(i.USBD_GetStatus) refers to usbd_ioreq.o(i.USBD_CtlSendData) for USBD_CtlSendData
    usbd_ctlreq.o(i.USBD_GetStatus) refers to usbd_ctlreq.o(i.USBD_CtlError) for USBD_CtlError
    usbd_ctlreq.o(i.USBD_GetString) refers to usbd_ctlreq.o(i.USBD_GetLen) for USBD_GetLen
    usbd_ctlreq.o(i.USBD_SetAddress) refers to usbd_ctlreq.o(i.USBD_CtlError) for USBD_CtlError
    usbd_ctlreq.o(i.USBD_SetAddress) refers to usbd_conf.o(i.USBD_LL_SetUSBAddress) for USBD_LL_SetUSBAddress
    usbd_ctlreq.o(i.USBD_SetAddress) refers to usbd_ioreq.o(i.USBD_CtlSendStatus) for USBD_CtlSendStatus
    usbd_ctlreq.o(i.USBD_SetConfig) refers to usbd_ctlreq.o(i.USBD_CtlError) for USBD_CtlError
    usbd_ctlreq.o(i.USBD_SetConfig) refers to usbd_core.o(i.USBD_SetClassConfig) for USBD_SetClassConfig
    usbd_ctlreq.o(i.USBD_SetConfig) refers to usbd_ioreq.o(i.USBD_CtlSendStatus) for USBD_CtlSendStatus
    usbd_ctlreq.o(i.USBD_SetConfig) refers to usbd_core.o(i.USBD_ClrClassConfig) for USBD_ClrClassConfig
    usbd_ctlreq.o(i.USBD_SetConfig) refers to usbd_ctlreq.o(.data) for cfgidx
    usbd_ctlreq.o(i.USBD_SetFeature) refers to usbd_ioreq.o(i.USBD_CtlSendStatus) for USBD_CtlSendStatus
    usbd_ctlreq.o(i.USBD_StdDevReq) refers to usbd_ctlreq.o(i.USBD_GetDescriptor) for USBD_GetDescriptor
    usbd_ctlreq.o(i.USBD_StdDevReq) refers to usbd_ctlreq.o(i.USBD_SetAddress) for USBD_SetAddress
[...]
    __rt_lib_init_getenv_1                   0x080002bb   Thumb Code     0  libinit2.o(.ARM.Collect$$libinit$$00000023)
    __rt_lib_init_heap_1                     0x080002bb   Thumb Code     0  libinit2.o(.ARM.Collect$$libinit$$0000000A)
    __rt_lib_init_lc_collate_1               0x080002bb   Thumb Code     0  libinit2.o(.ARM.Collect$$libinit$$00000011)
    __rt_lib_init_lc_ctype_1                 0x080002bb   Thumb Code     0  libinit2.o(.ARM.Collect$$libinit$$00000013)
    __rt_lib_init_lc_monetary_1              0x080002bb   Thumb Code     0  libinit2.o(.ARM.Collect$$libinit$$00000015)
    __rt_lib_init_lc_numeric_1               0x080002bb   Thumb Code     0  libinit2.o(.ARM.Collect$$libinit$$00000017)
    __rt_lib_init_lc_time_1                  0x080002bb   Thumb Code     0  libinit2.o(.ARM.Collect$$libinit$$00000019)
    __rt_lib_init_rand_1                     0x080002bb   Thumb Code     0  libinit2.o(.ARM.Collect$$libinit$$0000000E)
    __rt_lib_init_return                     0x080002bb   Thumb Code     0  libinit2.o(.ARM.Collect$$libinit$$00000033)
    __rt_lib_init_signal_1                   0x080002bb   Thumb Code     0  libinit2.o(.ARM.Collect$$libinit$$0000001D)
    __rt_lib_init_stdio_1                    0x080002bb   Thumb Code     0  libinit2.o(.ARM.Collect$$libinit$$00000025)
    __rt_lib_init_user_alloc_1               0x080002bb   Thumb Code     0  libinit2.o(.ARM.Collect$$libinit$$0000000C)
    __rt_lib_shutdown                        0x080002bd   Thumb Code     0  libshutdown.o(.ARM.Collect$$libshutdown$$00000000)
    __rt_lib_shutdown_cpp_1                  0x080002bf   Thumb Code     0  libshutdown2.o(.ARM.Collect$$libshutdown$$00000002)
    __rt_lib_shutdown_fp_trap_1              0x080002bf   Thumb Code     0  libshutdown2.o(.ARM.Collect$$libshutdown$$00000007)
    __rt_lib_shutdown_heap_1                 0x080002bf   Thumb Code     0  libshutdown2.o(.ARM.Collect$$libshutdown$$0000000F)
    __rt_lib_shutdown_return                 0x080002bf   Thumb Code     0  libshutdown2.o(.ARM.Collect$$libshutdown$$00000010)
    __rt_lib_shutdown_signal_1               0x080002bf   Thumb Code     0  libshutdown2.o(.ARM.Collect$$libshutdown$$0000000A)
    __rt_lib_shutdown_stdio_1                0x080002bf   Thumb Code     0  libshutdown2.o(.ARM.Collect$$libshutdown$$00000004)
    __rt_lib_shutdown_user_alloc_1           0x080002bf   Thumb Code     0  libshutdown2.o(.ARM.Collect$$libshutdown$$0000000C)
    __rt_entry                               0x080002c1   Thumb Code     0  __rtentry.o(.ARM.Collect$$rtentry$$00000000)
    __rt_entry_presh_1                       0x080002c1   Thumb Code     0  __rtentry2.o(.ARM.Collect$$rtentry$$00000002)
    __rt_entry_sh                            0x080002c1   Thumb Code     0  __rtentry4.o(.ARM.Collect$$rtentry$$00000004)
    __rt_entry_li                            0x080002c7   Thumb Code     0  __rtentry2.o(.ARM.Collect$$rtentry$$0000000A)
    __rt_entry_postsh_1                      0x080002c7   Thumb Code     0  __rtentry2.o(.ARM.Collect$$rtentry$$00000009)
    __rt_entry_main                          0x080002cb   Thumb Code     0  __rtentry2.o(.ARM.Collect$$rtentry$$0000000D)
    __rt_entry_postli_1                      0x080002cb   Thumb Code     0  __rtentry2.o(.ARM.Collect$$rtentry$$0000000C)
    __rt_exit                                0x080002d3   Thumb Code     0  rtexit.o(.ARM.Collect$$rtexit$$00000000)
    __rt_exit_ls                             0x080002d5   Thumb Code     0  rtexit2.o(.ARM.Collect$$rtexit$$00000003)
    __rt_exit_prels_1                        0x080002d5   Thumb Code     0  rtexit2.o(.ARM.Collect$$rtexit$$00000002)
    __rt_exit_exit                           0x080002d9   Thumb Code     0  rtexit2.o(.ARM.Collect$$rtexit$$00000004)
    Reset_Handler                            0x080002e1   Thumb Code     8  startup_stm32f767xx.o(.text)
    _maybe_terminate_alloc                   0x080002e1   Thumb Code     0  maybetermalloc1.o(.emb_text)
    ADC_IRQHandler                           0x080002fb   Thumb Code     0  startup_stm32f767xx.o(.text)
    CAN1_RX0_IRQHandler                      0x080002fb   Thumb Code     0  startup_stm32f767xx.o(.text)
    CAN1_RX1_IRQHandler                      0x080002fb   Thumb Code     0  startup_stm32f767xx.o(.text)
    CAN1_SCE_IRQHandler                      0x080002fb   Thumb Code     0  startup_stm32f767xx.o(.text)
    CAN1_TX_IRQHandler                       0x080002fb   Thumb Code     0  startup_stm32f767xx.o(.text)
    CAN2_RX0_IRQHandler                      0x080002fb   Thumb Code     0  startup_stm32f767xx.o(.text)
    CAN2_RX1_IRQHandler                      0x080002fb   Thumb Code     0  startup_stm32f767xx.o(.text)
    CAN2_SCE_IRQHandler                      0x080002fb   Thumb Code     0  startup_stm32f767xx.o(.text)
    CAN2_TX_IRQHandler                       0x080002fb   Thumb Code     0  startup_stm32f767xx.o(.text)
    CAN3_RX0_IRQHandler                      0x080002fb   Thumb Code     0  startup_stm32f767xx.o(.text)
    CAN3_RX1_IRQHandler                      0x080002fb   Thumb Code     0  startup_stm32f767xx.o(.text)
    CAN3_SCE_IRQHandler                      0x080002fb   Thumb Code     0  startup_stm32f767xx.o(.text)
    CAN3_TX_IRQHandler                       0x080002fb   Thumb Code     0  startup_stm32f767xx.o(.text)
    CEC_IRQHandler                           0x080002fb   Thumb Code     0  startup_stm32f767xx.o(.text)
    DFSDM1_FLT0_IRQHandler                   0x080002fb   Thumb Code     0  startup_stm32f767xx.o(.text)
    DFSDM1_FLT1_IRQHandler                   0x080002fb   Thumb Code     0  startup_stm32f767xx.o(.text)
    DFSDM1_FLT2_IRQHandler                   0x080002fb   Thumb Code     0  startup_stm32f767xx.o(.text)
    DFSDM1_FLT3_IRQHandler                   0x080002fb   Thumb Code     0  startup_stm32f767xx.o(.text)
    DMA1_Stream0_IRQHandler                  0x080002fb   Thumb Code     0  startup_stm32f767xx.o(.text)
    DMA1_Stream1_IRQHandler                  0x080002fb   Thumb Code     0  startup_stm32f767xx.o(.text)
    DMA1_Stream2_IRQHandler                  0x080002fb   Thumb Code     0  startup_stm32f767xx.o(.text)
    DMA1_Stream3_IRQHandler                  0x080002fb   Thumb Code     0  startup_stm32f767xx.o(.text)
    DMA1_Stream4_IRQHandler                  0x080002fb   Thumb Code     0  startup_stm32f767xx.o(.text)
    DMA1_Stream5_IRQHandler                  0x080002fb   Thumb Code     0  startup_stm32f767xx.o(.text)
    DMA1_Stream6_IRQHandler                  0x080002fb   Thumb Code     0  startup_stm32f767xx.o(.text)
    DMA1_Stream7_IRQHandler                  0x080002fb   Thumb Code     0  startup_stm32f767xx.o(.text)
    DMA2D_IRQHandler                         0x080002fb   Thumb Code     0  startup_stm32f767xx.o(.text)
    DMA2_Stream0_IRQHandler                  0x080002fb   Thumb Code     0  startup_stm32f767xx.o(.text)
    DMA2_Stream2_IRQHandler                  0x080002fb   Thumb Code     0  startup_stm32f767xx.o(.text)
    DMA2_Stream3_IRQHandler                  0x080002fb   Thumb Code     0  startup_stm32f767xx.o(.text)
    DMA2_Stream4_IRQHandler                  0x080002fb   Thumb Code     0  startup_stm32f767xx.o(.text)
    DMA2_Stream5_IRQHandler                  0x080002fb   Thumb Code     0  startup_stm32f767xx.o(.text)
    DMA2_Stream6_IRQHandler                  0x080002fb   Thumb Code     0  startup_stm32f767xx.o(.text)
    DMA2_Stream7_IRQHandler                  0x080002fb   Thumb Code     0  startup_stm32f767xx.o(.text)
    ETH_IRQHandler                           0x080002fb   Thumb Code     0  startup_stm32f767xx.o(.text)
    ETH_WKUP_IRQHandler                      0x080002fb   Thumb Code     0  startup_stm32f767xx.o(.text)
    EXTI0_IRQHandler                         0x080002fb   Thumb Code     0  startup_stm32f767xx.o(.text)
    EXTI15_10_IRQHandler                     0x080002fb   Thumb Code     0  startup_stm32f767xx.o(.text)
    EXTI1_IRQHandler                         0x080002fb   Thumb Code     0  startup_stm32f767xx.o(.text)
    EXTI2_IRQHandler                         0x080002fb   Thumb Code     0  startup_stm32f767xx.o(.text)
    EXTI3_IRQHandler                         0x080002fb   Thumb Code     0  startup_stm32f767xx.o(.text)
    EXTI4_IRQHandler                         0x080002fb   Thumb Code     0  startup_stm32f767xx.o(.text)
    EXTI9_5_IRQHandler                       0x080002fb   Thumb Code     0  startup_stm32f767xx.o(.text)
    FLASH_IRQHandler                         0x080002fb   Thumb Code     0  startup_stm32f767xx.o(.text)
    FMC_IRQHandler                           0x080002fb   Thumb Code     0  startup_stm32f767xx.o(.text)
    FPU_IRQHandler                           0x080002fb   Thumb Code     0  startup_stm32f767xx.o(.text)
    I2C1_ER_IRQHandler                       0x080002fb   Thumb Code     0  startup_stm32f767xx.o(.text)
    I2C1_EV_IRQHandler                       0x080002fb   Thumb Code     0  startup_stm32f767xx.o(.text)
    I2C2_ER_IRQHandler                       0x080002fb   Thumb Code     0  startup_stm32f767xx.o(.text)
    I2C2_EV_IRQHandler                       0x080002fb   Thumb Code     0  startup_stm32f767xx.o(.text)
    I2C3_ER_IRQHandler                       0x080002fb   Thumb Code     0  startup_stm32f767xx.o(.text)
    I2C3_EV_IRQHandler                       0x080002fb   Thumb Code     0  startup_stm32f767xx.o(.text)
    I2C4_ER_IRQHandler                       0x080002fb   Thumb Code     0  startup_stm32f767xx.o(.text)
    I2C4_EV_IRQHandler                       0x080002fb   Thumb Code     0  startup_stm32f767xx.o(.text)
    JPEG_IRQHandler                          0x080002fb   Thumb Code     0  startup_stm32f767xx.o(.text)
    LPTIM1_IRQHandler                        0x080002fb   Thumb Code     0  startup_stm32f767xx.o(.text)
    LTDC_ER_IRQHandler                       0x080002fb   Thumb Code     0  startup_stm32f767xx.o(.text)
    LTDC_IRQHandler                          0x080002fb   Thumb Code     0  startup_stm32f767xx.o(.text)
    MDIOS_IRQHandler                         0x080002fb   Thumb Code     0  startup_stm32f767xx.o(.text)
    OTG_FS_IRQHandler                        0x080002fb   Thumb Code     0  startup_stm32f767xx.o(.text)
    OTG_FS_WKUP_IRQHandler                   0x080002fb   Thumb Code     0  startup_stm32f767xx.o(.text)
    OTG_HS_WKUP_IRQHandler                   0x080002fb   Thumb Code     0  startup_stm32f767xx.o(.text)
    PVD_IRQHandler                           0x080002fb   Thumb Code     0  startup_stm32f767xx.o(.text)
    QUADSPI_IRQHandler                       0x080002fb   Thumb Code     0  startup_stm32f767xx.o(.text)
    RCC_IRQHandler                           0x080002fb   Thumb Code     0  startup_stm32f767xx.o(.text)
    RNG_IRQHandler                           0x080002fb   Thumb Code     0  startup_stm32f767xx.o(.text)
    RTC_Alarm_IRQHandler                     0x080002fb   Thumb Code     0  startup_stm32f767xx.o(.text)
    RTC_WKUP_IRQHandler                      0x080002fb   Thumb Code     0  startup_stm32f767xx.o(.text)
    SAI1_IRQHandler                          0x080002fb   Thumb Code     0  startup_stm32f767xx.o(.text)
    SAI2_IRQHandler                          0x080002fb   Thumb Code     0  startup_stm32f767xx.o(.text)
    SDMMC1_IRQHandler                        0x080002fb   Thumb Code     0  startup_stm32f767xx.o(.text)
    SDMMC2_IRQHandler                        0x080002fb   Thumb Code     0  startup_stm32f767xx.o(.text)
    SPDIF_RX_IRQHandler                      0x080002fb   Thumb Code     0  startup_stm32f767xx.o(.text)
    SPI1_IRQHandler                          0x080002fb   Thumb Code     0  startup_stm32f767xx.o(.text)
    SPI2_IRQHandler                          0x080002fb   Thumb Code     0  startup_stm32f767xx.o(.text)
    SPI3_IRQHandler                          0x080002fb   Thumb Code     0  startup_stm32f767xx.o(.text)
    SPI4_IRQHandler                          0x080002fb   Thumb Code     0  startup_stm32f767xx.o(.text)
    SPI5_IRQHandler                          0x080002fb   Thumb Code     0  startup_stm32f767xx.o(.text)
    SPI6_IRQHandler                          0x080002fb   Thumb Code     0  startup_stm32f767xx.o(.text)
    TAMP_STAMP_IRQHandler                    0x080002fb   Thumb Code     0  startup_stm32f767xx.o(.text)
    TIM1_BRK_TIM9_IRQHandler                 0x080002fb   Thumb Code     0  startup_stm32f767xx.o(.text)
    TIM1_CC_IRQHandler                       0x080002fb   Thumb Code     0  startup_stm32f767xx.o(.text)
    TIM1_TRG_COM_TIM11_IRQHandler            0x080002fb   Thumb Code     0  startup_stm32f767xx.o(.text)
    TIM1_UP_TIM10_IRQHandler                 0x080002fb   Thumb Code     0  startup_stm32f767xx.o(.text)
    TIM2_IRQHandler                          0x080002fb   Thumb Code     0  startup_stm32f767xx.o(.text)
    TIM3_IRQHandler                          0x080002fb   Thumb Code     0  startup_stm32f767xx.o(.text)
    TIM4_IRQHandler                          0x080002fb   Thumb Code     0  startup_stm32f767xx.o(.text)
    TIM5_IRQHandler                          0x080002fb   Thumb Code     0  startup_stm32f767xx.o(.text)
    TIM6_DAC_IRQHandler                      0x080002fb   Thumb Code     0  startup_stm32f767xx.o(.text)
    TIM7_IRQHandler                          0x080002fb   Thumb Code     0  startup_stm32f767xx.o(.text)
    TIM8_BRK_TIM12_IRQHandler                0x080002fb   Thumb Code     0  startup_stm32f767xx.o(.text)
    TIM8_CC_IRQHandler                       0x080002fb   Thumb Code     0  startup_stm32f767xx.o(.text)
    TIM8_TRG_COM_TIM14_IRQHandler            0x080002fb   Thumb Code     0  startup_stm32f767xx.o(.text)
    TIM8_UP_TIM13_IRQHandler                 0x080002fb   Thumb Code     0  startup_stm32f767xx.o(.text)
    UART4_IRQHandler                         0x080002fb   Thumb Code     0  startup_stm32f767xx.o(.text)
    UART5_IRQHandler                         0x080002fb   Thumb Code     0  startup_stm32f767xx.o(.text)
    UART7_IRQHandler                         0x080002fb   Thumb Code     0  startup_stm32f767xx.o(.text)
    UART8_IRQHandler                         0x080002fb   Thumb Code     0  startup_stm32f767xx.o(.text)
    USART1_IRQHandler                        0x080002fb   Thumb Code     0  startup_stm32f767xx.o(.text)
    USART2_IRQHandler                        0x080002fb   Thumb Code     0  startup_stm32f767xx.o(.text)
    USART3_IRQHandler                        0x080002fb   Thumb Code     0  startup_stm32f767xx.o(.text)
    USART6_IRQHandler                        0x080002fb   Thumb Code     0  startup_stm32f767xx.o(.text)
    WWDG_IRQHandler                          0x080002fb   Thumb Code     0  startup_stm32f767xx.o(.text)
    __user_initial_stackheap                 0x080002fd   Thumb Code     0  startup_stm32f767xx.o(.text)
    calloc                                   0x08000321   Thumb Code    40  calloc.o(.text)
    malloc                                   0x08000349   Thumb Code    94  h1_alloc.o(.text)
    free                                     0x080003a7   Thumb Code    78  h1_free.o(.text)
    __aeabi_memcpy4                          0x080003f5   Thumb Code     0  rt_memcpy_w.o(.text)
    __aeabi_memcpy8                          0x080003f5   Thumb Code     0  rt_memcpy_w.o(.text)
    __rt_memcpy_w                            0x080003f5   Thumb Code   100  rt_memcpy_w.o(.text)
    _memcpy_lastbytes_aligned                0x0800043d   Thumb Code     0  rt_memcpy_w.o(.text)
    __aeabi_memclr                           0x08000459   Thumb Code     0  rt_memclr.o(.text)
    __rt_memclr                              0x08000459   Thumb Code    68  rt_memclr.o(.text)
    _memset                                  0x0800045d   Thumb Code     0  rt_memclr.o(.text)
    __aeabi_memclr4                          0x0800049d   Thumb Code     0  rt_memclr_w.o(.text)
    __aeabi_memclr8                          0x0800049d   Thumb Code     0  rt_memclr_w.o(.text)
    __rt_memclr_w                            0x0800049d   Thumb Code    78  rt_memclr_w.o(.text)
    _memset_w                                0x080004a1   Thumb Code     0  rt_memclr_w.o(.text)
    __use_two_region_memory                  0x080004eb   Thumb Code     2  heapauxi.o(.text)
    __rt_heap_escrow                         0x080004ed   Thumb Code     2  heapauxi.o(.text)
    __rt_heap_expand                         0x080004ef   Thumb Code     2  heapauxi.o(.text)
    __rt_heap_descriptor                     0x080004f1   Thumb Code     8  rt_heap_descriptor_intlibspace.o(.text)
    __use_no_heap                            0x080004f9   Thumb Code     2  hguard.o(.text)
    __heap$guard                             0x080004fb   Thumb Code     2  hguard.o(.text)
    _terminate_user_alloc                    0x080004fd   Thumb Code     2  init_alloc.o(.text)
    _init_user_alloc                         0x080004ff   Thumb Code     2  init_alloc.o(.text)
    __Heap_Full                              0x08000501   Thumb Code    34  init_alloc.o(.text)
    __Heap_Broken                            0x08000523   Thumb Code     6  init_alloc.o(.text)
    _init_alloc                              0x08000529   Thumb Code    94  init_alloc.o(.text)
    __Heap_Initialize                        0x08000587   Thumb Code    10  h1_init.o(.text)
    __Heap_DescSize                          0x08000591   Thumb Code     4  h1_init.o(.text)
    __user_libspace                          0x08000595   Thumb Code     8  libspace.o(.text)
    __user_perproc_libspace                  0x08000595   Thumb Code     0  libspace.o(.text)
    __user_perthread_libspace                0x08000595   Thumb Code     0  libspace.o(.text)
    __Heap_ProvideMemory                     0x0800059d   Thumb Code    52  h1_extend.o(.text)
    __rt_SIGRTMEM                            0x080005d1   Thumb Code    14  defsig_rtmem_outer.o(.text)
    __I$use$semihosting                      0x080005df   Thumb Code     0  use_no_semi.o(.text)
    __use_no_semihosting_swi                 0x080005df   Thumb Code     2  use_no_semi.o(.text)
    __semihosting_library_function           0x080005e1   Thumb Code     0  indicate_semi.o(.text)
    __user_setup_stackheap                   0x080005e1   Thumb Code    74  sys_stackheap_outer.o(.text)
    exit                                     0x0800062b   Thumb Code    18  exit.o(.text)
    __sig_exit                               0x0800063d   Thumb Code    10  defsig_exit.o(.text)
    __rt_SIGRTMEM_inner                      0x08000649   Thumb Code    22  defsig_rtmem_inner.o(.text)
    _sys_exit                                0x08000699   Thumb Code     8  sys_exit.o(.text)
    __default_signal_display                 0x080006a5   Thumb Code    50  defsig_general.o(.text)
    _ttywrch                                 0x080006d7   Thumb Code    14  sys_wrch.o(.text)
    BusFault_Handler                         0x080006e5   Thumb Code     4  stm32f7xx_it.o(i.BusFault_Handler)
    DCMI_IRQHandler                          0x080007d5   Thumb Code    10  stm32f7xx_it.o(i.DCMI_IRQHandler)
    DMA2_Stream1_IRQHandler                  0x080007e5   Thumb Code    10  stm32f7xx_it.o(i.DMA2_Stream1_IRQHandler)
    DebugMon_Handler                         0x0800092f   Thumb Code     2  stm32f7xx_it.o(i.DebugMon_Handler)
    Error_Handler                            0x08000931   Thumb Code     4  main.o(i.Error_Handler)
    HAL_DCMI_ErrorCallback                   0x08000935   Thumb Code     2  stm32f7xx_hal_dcmi.o(i.HAL_DCMI_ErrorCallback)
    HAL_DCMI_FrameEventCallback              0x08000937   Thumb Code     2  stm32f7xx_hal_dcmi.o(i.HAL_DCMI_FrameEventCallback)
    HAL_DCMI_IRQHandler                      0x08000939   Thumb Code   176  stm32f7xx_hal_dcmi.o(i.HAL_DCMI_IRQHandler)
    HAL_DCMI_Init                            0x080009ed   Thumb Code   184  stm32f7xx_hal_dcmi.o(i.HAL_DCMI_Init)
    HAL_DCMI_LineEventCallback               0x08000aa9   Thumb Code     2  stm32f7xx_hal_dcmi.o(i.HAL_DCMI_LineEventCallback)
    HAL_DCMI_MspInit                         0x08000aad   Thumb Code   330  stm32f7xx_hal_msp.o(i.HAL_DCMI_MspInit)
    HAL_DCMI_Start_DMA                       0x08000c25   Thumb Code   226  stm32f7xx_hal_dcmi.o(i.HAL_DCMI_Start_DMA)
    HAL_DCMI_Stop                            0x08000d11   Thumb Code   142  stm32f7xx_hal_dcmi.o(i.HAL_DCMI_Stop)
    HAL_DCMI_VsyncEventCallback              0x08000da5   Thumb Code    40  main.o(i.HAL_DCMI_VsyncEventCallback)
    HAL_DMAEx_ChangeMemory                   0x08000dd5   Thumb Code    18  stm32f7xx_hal_dma_ex.o(i.HAL_DMAEx_ChangeMemory)
    HAL_DMAEx_MultiBufferStart_IT            0x08000de9   Thumb Code  4032  stm32f7xx_hal_dma_ex.o(i.HAL_DMAEx_MultiBufferStart_IT)
    HAL_DMA_Abort                            0x08001db5   Thumb Code   170  stm32f7xx_hal_dma.o(i.HAL_DMA_Abort)
    HAL_DMA_Abort_IT                         0x08001e5f   Thumb Code    40  stm32f7xx_hal_dma.o(i.HAL_DMA_Abort_IT)
    HAL_DMA_IRQHandler                       0x08001e89   Thumb Code   574  stm32f7xx_hal_dma.o(i.HAL_DMA_IRQHandler)
    HAL_DMA_Init                             0x080020d1   Thumb Code   228  stm32f7xx_hal_dma.o(i.HAL_DMA_Init)
    HAL_DMA_Start_IT                         0x080021b9   Thumb Code   158  stm32f7xx_hal_dma.o(i.HAL_DMA_Start_IT)
    HAL_Delay                                0x08002257   Thumb Code    26  stm32f7xx_hal.o(i.HAL_Delay)
    HAL_GPIO_Init                            0x08002271   Thumb Code   484  stm32f7xx_hal_gpio.o(i.HAL_GPIO_Init)
    HAL_GPIO_WritePin                        0x08002489   Thumb Code    12  stm32f7xx_hal_gpio.o(i.HAL_GPIO_WritePin)
    HAL_GetTick                              0x08002495   Thumb Code     6  stm32f7xx_hal.o(i.HAL_GetTick)
    HAL_I2CEx_ConfigAnalogFilter             0x080024a1   Thumb Code   106  stm32f7xx_hal_i2c_ex.o(i.HAL_I2CEx_ConfigAnalogFilter)
    HAL_I2C_Init                             0x0800250d   Thumb Code   184  stm32f7xx_hal_i2c.o(i.HAL_I2C_Init)
    HAL_I2C_Master_Transmit                  0x080025c9   Thumb Code   368  stm32f7xx_hal_i2c.o(i.HAL_I2C_Master_Transmit)
    HAL_I2C_MspInit                          0x0800273d   Thumb Code   208  stm32f7xx_hal_msp.o(i.HAL_I2C_MspInit)
    HAL_I2S_Init                             0x08002829   Thumb Code   274  stm32f7xx_hal_i2s.o(i.HAL_I2S_Init)
    HAL_I2S_MspInit                          0x08002941   Thumb Code   100  stm32f7xx_hal_msp.o(i.HAL_I2S_MspInit)
    HAL_IncTick                              0x080029b5   Thumb Code    12  stm32f7xx_hal.o(i.HAL_IncTick)
    HAL_Init                                 0x080029c5   Thumb Code    22  stm32f7xx_hal.o(i.HAL_Init)
    HAL_InitTick                             0x080029dd   Thumb Code    36  stm32f7xx_hal.o(i.HAL_InitTick)
    HAL_LTDC_ConfigLayer                     0x08002a05   Thumb Code    94  stm32f7xx_hal_ltdc.o(i.HAL_LTDC_ConfigLayer)
    HAL_LTDC_Init                            0x08002a65   Thumb Code   290  stm32f7xx_hal_ltdc.o(i.HAL_LTDC_Init)
    HAL_LTDC_MspInit                         0x08002b8d   Thumb Code   262  stm32f7xx_hal_msp.o(i.HAL_LTDC_MspInit)
    HAL_MspInit                              0x08002cb9   Thumb Code    86  stm32f7xx_hal_msp.o(i.HAL_MspInit)
    HAL_NVIC_EnableIRQ                       0x08002d0f   Thumb Code    26  stm32f7xx_hal_cortex.o(i.HAL_NVIC_EnableIRQ)
    HAL_NVIC_SetPriority                     0x08002d29   Thumb Code   124  stm32f7xx_hal_cortex.o(i.HAL_NVIC_SetPriority)
    HAL_NVIC_SetPriorityGrouping             0x08002da5   Thumb Code    32  stm32f7xx_hal_cortex.o(i.HAL_NVIC_SetPriorityGrouping)
    HAL_PCDEx_ActivateLPM                    0x08002dcd   Thumb Code    36  stm32f7xx_hal_pcd_ex.o(i.HAL_PCDEx_ActivateLPM)
    HAL_PCDEx_LPM_Callback                   0x08002df5   Thumb Code   106  usbd_conf.o(i.HAL_PCDEx_LPM_Callback)
    HAL_PCDEx_SetRxFiFo                      0x08002e65   Thumb Code    10  stm32f7xx_hal_pcd_ex.o(i.HAL_PCDEx_SetRxFiFo)
    HAL_PCDEx_SetTxFiFo                      0x08002e6f   Thumb Code    82  stm32f7xx_hal_pcd_ex.o(i.HAL_PCDEx_SetTxFiFo)
    HAL_PCD_ConnectCallback                  0x08002ec1   Thumb Code    14  usbd_conf.o(i.HAL_PCD_ConnectCallback)
    HAL_PCD_DataInStageCallback              0x08002ecf   Thumb Code    32  usbd_conf.o(i.HAL_PCD_DataInStageCallback)
    HAL_PCD_DataOutStageCallback             0x08002eef   Thumb Code    32  usbd_conf.o(i.HAL_PCD_DataOutStageCallback)
    HAL_PCD_DisconnectCallback               0x08002f0f   Thumb Code    14  usbd_conf.o(i.HAL_PCD_DisconnectCallback)
    HAL_PCD_EP_Close                         0x08002f1d   Thumb Code   106  stm32f7xx_hal_pcd.o(i.HAL_PCD_EP_Close)
    HAL_PCD_EP_ClrStall                      0x08002f87   Thumb Code   104  stm32f7xx_hal_pcd.o(i.HAL_PCD_EP_ClrStall)
    HAL_PCD_EP_Flush                         0x08002fef   Thumb Code    68  stm32f7xx_hal_pcd.o(i.HAL_PCD_EP_Flush)
    HAL_PCD_EP_GetRxCount                    0x08003033   Thumb Code    24  stm32f7xx_hal_pcd.o(i.HAL_PCD_EP_GetRxCount)
    HAL_PCD_EP_Open                          0x0800304b   Thumb Code   140  stm32f7xx_hal_pcd.o(i.HAL_PCD_EP_Open)
    HAL_PCD_EP_Receive                       0x080030d7   Thumb Code   120  stm32f7xx_hal_pcd.o(i.HAL_PCD_EP_Receive)
    HAL_PCD_EP_SetStall                      0x0800314f   Thumb Code   122  stm32f7xx_hal_pcd.o(i.HAL_PCD_EP_SetStall)
    HAL_PCD_EP_Transmit                      0x080031c9   Thumb Code   122  stm32f7xx_hal_pcd.o(i.HAL_PCD_EP_Transmit)
    HAL_PCD_IRQHandler                       0x08003245   Thumb Code  1716  stm32f7xx_hal_pcd.o(i.HAL_PCD_IRQHandler)
    HAL_PCD_ISOINIncompleteCallback          0x08003921   Thumb Code    18  usbd_conf.o(i.HAL_PCD_ISOINIncompleteCallback)
    HAL_PCD_ISOOUTIncompleteCallback         0x08003933   Thumb Code    18  usbd_conf.o(i.HAL_PCD_ISOOUTIncompleteCallback)
    HAL_PCD_Init                             0x08003945   Thumb Code   334  stm32f7xx_hal_pcd.o(i.HAL_PCD_Init)
    HAL_PCD_MspInit                          0x08003a95   Thumb Code   264  usbd_conf.o(i.HAL_PCD_MspInit)
    HAL_PCD_ResetCallback                    0x08003bb9   Thumb Code    50  usbd_conf.o(i.HAL_PCD_ResetCallback)
    HAL_PCD_ResumeCallback                   0x08003beb   Thumb Code    14  usbd_conf.o(i.HAL_PCD_ResumeCallback)
    HAL_PCD_SOFCallback                      0x08003bf9   Thumb Code    14  usbd_conf.o(i.HAL_PCD_SOFCallback)
    HAL_PCD_SetAddress                       0x08003c07   Thumb Code    50  stm32f7xx_hal_pcd.o(i.HAL_PCD_SetAddress)
    HAL_PCD_SetupStageCallback               0x08003c39   Thumb Code    18  usbd_conf.o(i.HAL_PCD_SetupStageCallback)
    HAL_PCD_Start                            0x08003c4b   Thumb Code    52  stm32f7xx_hal_pcd.o(i.HAL_PCD_Start)
    HAL_PCD_SuspendCallback                  0x08003c81   Thumb Code    46  usbd_conf.o(i.HAL_PCD_SuspendCallback)
    HAL_PWREx_EnableOverDrive                0x08003cb5   Thumb Code   136  stm32f7xx_hal_pwr_ex.o(i.HAL_PWREx_EnableOverDrive)
    HAL_RCCEx_PeriphCLKConfig                0x08003d45   Thumb Code  2428  stm32f7xx_hal_rcc_ex.o(i.HAL_RCCEx_PeriphCLKConfig)
    HAL_RCC_ClockConfig                      0x080046c5   Thumb Code   420  stm32f7xx_hal_rcc.o(i.HAL_RCC_ClockConfig)
    HAL_RCC_GetHCLKFreq                      0x08004879   Thumb Code     6  stm32f7xx_hal_rcc.o(i.HAL_RCC_GetHCLKFreq)
    HAL_RCC_GetPCLK1Freq                     0x08004885   Thumb Code    36  stm32f7xx_hal_rcc.o(i.HAL_RCC_GetPCLK1Freq)
    HAL_RCC_GetPCLK2Freq                     0x080048b1   Thumb Code    36  stm32f7xx_hal_rcc.o(i.HAL_RCC_GetPCLK2Freq)
    HAL_RCC_GetSysClockFreq                  0x080048dd   Thumb Code   168  stm32f7xx_hal_rcc.o(i.HAL_RCC_GetSysClockFreq)
    HAL_RCC_OscConfig                        0x08004991   Thumb Code  1228  stm32f7xx_hal_rcc_ex.o(i.HAL_RCC_OscConfig)
    HAL_SPI_Init                             0x08004e61   Thumb Code   178  stm32f7xx_hal_spi.o(i.HAL_SPI_Init)
    HAL_SPI_MspInit                          0x08004f15   Thumb Code    76  stm32f7xx_hal_msp.o(i.HAL_SPI_MspInit)
    HAL_SYSTICK_CLKSourceConfig              0x08004f6d   Thumb Code    40  stm32f7xx_hal_cortex.o(i.HAL_SYSTICK_CLKSourceConfig)
    HAL_SYSTICK_Callback                     0x08004f95   Thumb Code     2  stm32f7xx_hal_cortex.o(i.HAL_SYSTICK_Callback)
    HAL_SYSTICK_Config                       0x08004f97   Thumb Code    52  stm32f7xx_hal_cortex.o(i.HAL_SYSTICK_Config)
    HAL_SYSTICK_IRQHandler                   0x08004fcb   Thumb Code     8  stm32f7xx_hal_cortex.o(i.HAL_SYSTICK_IRQHandler)
    HAL_UART_Init                            0x08004fd3   Thumb Code   120  stm32f7xx_hal_uart.o(i.HAL_UART_Init)
    HAL_UART_MspInit                         0x0800504d   Thumb Code   174  stm32f7xx_hal_msp.o(i.HAL_UART_MspInit)
    HardFault_Handler                        0x08005115   Thumb Code     4  stm32f7xx_it.o(i.HardFault_Handler)
    MSC_BOT_CplClrFeature                    0x0800569d   Thumb Code    54  usbd_msc_bot.o(i.MSC_BOT_CplClrFeature)
    MSC_BOT_DataIn                           0x080056d3   Thumb Code    74  usbd_msc_bot.o(i.MSC_BOT_DataIn)
    MSC_BOT_DataOut                          0x0800571d   Thumb Code    64  usbd_msc_bot.o(i.MSC_BOT_DataOut)
    MSC_BOT_DeInit                           0x0800575d   Thumb Code    10  usbd_msc_bot.o(i.MSC_BOT_DeInit)
    MSC_BOT_Init                             0x08005767   Thumb Code    64  usbd_msc_bot.o(i.MSC_BOT_Init)
    MSC_BOT_Reset                            0x080057a7   Thumb Code    32  usbd_msc_bot.o(i.MSC_BOT_Reset)
    MSC_BOT_SendCSW                          0x080057c9   Thumb Code    56  usbd_msc_bot.o(i.MSC_BOT_SendCSW)
    MX_USB_DEVICE_Init                       0x08006215   Thumb Code    36  usb_device.o(i.MX_USB_DEVICE_Init)
    MemManage_Handler                        0x08006249   Thumb Code     4  stm32f7xx_it.o(i.MemManage_Handler)
    NMI_Handler                              0x0800624d   Thumb Code     2  stm32f7xx_it.o(i.NMI_Handler)
    OTG_HS_EP1_IN_IRQHandler                 0x08006289   Thumb Code    10  stm32f7xx_it.o(i.OTG_HS_EP1_IN_IRQHandler)
    OTG_HS_EP1_OUT_IRQHandler                0x08006299   Thumb Code    10  stm32f7xx_it.o(i.OTG_HS_EP1_OUT_IRQHandler)
    OTG_HS_IRQHandler                        0x080062a9   Thumb Code    10  stm32f7xx_it.o(i.OTG_HS_IRQHandler)
    OV5653_InitConfig                        0x080062b9   Thumb Code   156  lib_stm32f7_ov5653.o(i.OV5653_InitConfig)
    OV5653_Reset                             0x08006369   Thumb Code    32  lib_stm32f7_ov5653.o(i.OV5653_Reset)
    PendSV_Handler                           0x08006441   Thumb Code     2  stm32f7xx_it.o(i.PendSV_Handler)
    SCSI_ProcessCmd                          0x08006745   Thumb Code   458  usbd_msc_scsi.o(i.SCSI_ProcessCmd)
    SCSI_SenseCode                           0x08006d67   Thumb Code    58  usbd_msc_scsi.o(i.SCSI_SenseCode)
    SVC_Handler                              0x08006f59   Thumb Code     2  stm32f7xx_it.o(i.SVC_Handler)
    SysTick_Handler                          0x08006f5b   Thumb Code    12  stm32f7xx_it.o(i.SysTick_Handler)
    SystemClock_Config                       0x08006f69   Thumb Code   260  main.o(i.SystemClock_Config)
    SystemInit                               0x08007079   Thumb Code    88  system_stm32f7xx.o(i.SystemInit)
    UART_AdvFeatureConfig                    0x08007349   Thumb Code   234  stm32f7xx_hal_uart.o(i.UART_AdvFeatureConfig)
    UART_CheckIdleState                      0x08007433   Thumb Code   116  stm32f7xx_hal_uart.o(i.UART_CheckIdleState)
    UART_SetConfig                           0x080074a9   Thumb Code   858  stm32f7xx_hal_uart.o(i.UART_SetConfig)
    UART_WaitOnFlagUntilTimeout              0x08007835   Thumb Code   108  stm32f7xx_hal_uart.o(i.UART_WaitOnFlagUntilTimeout)
    USBD_ClrClassConfig                      0x080078a1   Thumb Code    22  usbd_core.o(i.USBD_ClrClassConfig)
    USBD_CtlContinueRx                       0x080078fb   Thumb Code    24  usbd_ioreq.o(i.USBD_CtlContinueRx)
    USBD_CtlContinueSendData                 0x08007913   Thumb Code    24  usbd_ioreq.o(i.USBD_CtlContinueSendData)
    USBD_CtlError                            0x0800792b   Thumb Code    24  usbd_ctlreq.o(i.USBD_CtlError)
    USBD_CtlReceiveStatus                    0x08007943   Thumb Code    26  usbd_ioreq.o(i.USBD_CtlReceiveStatus)
    USBD_CtlSendData                         0x0800795d   Thumb Code    34  usbd_ioreq.o(i.USBD_CtlSendData)
    USBD_CtlSendStatus                       0x0800797f   Thumb Code    26  usbd_ioreq.o(i.USBD_CtlSendStatus)
    USBD_GetString                           0x08007ba7   Thumb Code    82  usbd_ctlreq.o(i.USBD_GetString)
    USBD_HS_ConfigStrDescriptor              0x08007bf9   Thumb Code    34  usbd_desc.o(i.USBD_HS_ConfigStrDescriptor)
    USBD_HS_DeviceDescriptor                 0x08007c2d   Thumb Code    10  usbd_desc.o(i.USBD_HS_DeviceDescriptor)
    USBD_HS_InterfaceStrDescriptor           0x08007c3d   Thumb Code    34  usbd_desc.o(i.USBD_HS_InterfaceStrDescriptor)
    USBD_HS_LangIDStrDescriptor              0x08007c75   Thumb Code    10  usbd_desc.o(i.USBD_HS_LangIDStrDescriptor)
    USBD_HS_ManufacturerStrDescriptor        0x08007c85   Thumb Code    20  usbd_desc.o(i.USBD_HS_ManufacturerStrDescriptor)
    USBD_HS_ProductStrDescriptor             0x08007cb1   Thumb Code    34  usbd_desc.o(i.USBD_HS_ProductStrDescriptor)
    USBD_HS_SerialStrDescriptor              0x08007ced   Thumb Code    34  usbd_desc.o(i.USBD_HS_SerialStrDescriptor)
    USBD_HS_USR_BOSDescriptor                0x08007d25   Thumb Code    10  usbd_desc.o(i.USBD_HS_USR_BOSDescriptor)
    USBD_Init                                0x08007d35   Thumb Code    50  usbd_core.o(i.USBD_Init)
    USBD_LL_ClearStallEP                     0x08007d67   Thumb Code    20  usbd_conf.o(i.USBD_LL_ClearStallEP)
    USBD_LL_CloseEP                          0x08007d7b   Thumb Code    20  usbd_conf.o(i.USBD_LL_CloseEP)
    USBD_LL_DataInStage                      0x08007d8f   Thumb Code   218  usbd_core.o(i.USBD_LL_DataInStage)
    USBD_LL_DataOutStage                     0x08007e69   Thumb Code   134  usbd_core.o(i.USBD_LL_DataOutStage)
    USBD_LL_DevConnected                     0x08007eef   Thumb Code     6  usbd_core.o(i.USBD_LL_DevConnected)
    USBD_LL_DevDisconnected                  0x08007ef5   Thumb Code    26  usbd_core.o(i.USBD_LL_DevDisconnected)
    USBD_LL_FlushEP                          0x08007f0f   Thumb Code    20  usbd_conf.o(i.USBD_LL_FlushEP)
    USBD_LL_GetRxDataSize                    0x08007f23   Thumb Code    18  usbd_conf.o(i.USBD_LL_GetRxDataSize)
    USBD_LL_Init                             0x08007f35   Thumb Code   108  usbd_conf.o(i.USBD_LL_Init)
    USBD_LL_IsStallEP                        0x08007fa9   Thumb Code    56  usbd_conf.o(i.USBD_LL_IsStallEP)
    USBD_LL_IsoINIncomplete                  0x08007fe1   Thumb Code     6  usbd_core.o(i.USBD_LL_IsoINIncomplete)
    USBD_LL_IsoOUTIncomplete                 0x08007fe7   Thumb Code     6  usbd_core.o(i.USBD_LL_IsoOUTIncomplete)
    USBD_LL_OpenEP                           0x08007fed   Thumb Code    32  usbd_conf.o(i.USBD_LL_OpenEP)
    USBD_LL_PrepareReceive                   0x0800800d   Thumb Code    32  usbd_conf.o(i.USBD_LL_PrepareReceive)
    USBD_LL_Reset                            0x0800802d   Thumb Code    68  usbd_core.o(i.USBD_LL_Reset)
    USBD_LL_Resume                           0x08008071   Thumb Code    14  usbd_core.o(i.USBD_LL_Resume)
    USBD_LL_SOF                              0x0800807f   Thumb Code    34  usbd_core.o(i.USBD_LL_SOF)
    USBD_LL_SetSpeed                         0x080080a1   Thumb Code     8  usbd_core.o(i.USBD_LL_SetSpeed)
    USBD_LL_SetUSBAddress                    0x080080a9   Thumb Code    20  usbd_conf.o(i.USBD_LL_SetUSBAddress)
    USBD_LL_SetupStage                       0x080080bd   Thumb Code   110  usbd_core.o(i.USBD_LL_SetupStage)
    USBD_LL_StallEP                          0x0800812b   Thumb Code    20  usbd_conf.o(i.USBD_LL_StallEP)
    USBD_LL_Start                            0x0800813f   Thumb Code    16  usbd_conf.o(i.USBD_LL_Start)
    USBD_LL_Suspend                          0x0800814f   Thumb Code    20  usbd_core.o(i.USBD_LL_Suspend)
    USBD_LL_Transmit                         0x08008163   Thumb Code    32  usbd_conf.o(i.USBD_LL_Transmit)
    USBD_MSC_DataIn                          0x08008183   Thumb Code    18  usbd_msc.o(i.USBD_MSC_DataIn)
    USBD_MSC_DataOut                         0x08008195   Thumb Code    18  usbd_msc.o(i.USBD_MSC_DataOut)
    USBD_MSC_DeInit                          0x080081a7   Thumb Code    52  usbd_msc.o(i.USBD_MSC_DeInit)
    USBD_MSC_GetDeviceQualifierDescriptor    0x080081dd   Thumb Code    10  usbd_msc.o(i.USBD_MSC_GetDeviceQualifierDescriptor)
    USBD_MSC_GetFSCfgDesc                    0x080081ed   Thumb Code    10  usbd_msc.o(i.USBD_MSC_GetFSCfgDesc)
    USBD_MSC_GetHSCfgDesc                    0x080081fd   Thumb Code    10  usbd_msc.o(i.USBD_MSC_GetHSCfgDesc)
    USBD_MSC_GetOtherSpeedCfgDesc            0x0800820d   Thumb Code    10  usbd_msc.o(i.USBD_MSC_GetOtherSpeedCfgDesc)
    USBD_MSC_Init                            0x0800821d   Thumb Code   100  usbd_msc.o(i.USBD_MSC_Init)
    USBD_MSC_RegisterStorage                 0x08008281   Thumb Code    12  usbd_msc.o(i.USBD_MSC_RegisterStorage)
    USBD_MSC_Setup                           0x0800828d   Thumb Code   298  usbd_msc.o(i.USBD_MSC_Setup)
    USBD_ParseSetupRequest                   0x080083b7   Thumb Code    40  usbd_ctlreq.o(i.USBD_ParseSetupRequest)
    USBD_RegisterClass                       0x080083df   Thumb Code    16  usbd_core.o(i.USBD_RegisterClass)
    USBD_RunTestMode                         0x080083ef   Thumb Code     6  usbd_core.o(i.USBD_RunTestMode)
    USBD_SetClassConfig                      0x08008449   Thumb Code    34  usbd_core.o(i.USBD_SetClassConfig)
    USBD_Start                               0x08008571   Thumb Code    14  usbd_core.o(i.USBD_Start)
    USBD_StdDevReq                           0x0800857f   Thumb Code   114  usbd_ctlreq.o(i.USBD_StdDevReq)
    USBD_StdEPReq                            0x080085f1   Thumb Code   342  usbd_ctlreq.o(i.USBD_StdEPReq)
    USBD_StdItfReq                           0x08008747   Thumb Code    74  usbd_ctlreq.o(i.USBD_StdItfReq)
    USB_ActivateEndpoint                     0x08008791   Thumb Code   192  stm32f7xx_ll_usb.o(i.USB_ActivateEndpoint)
    USB_ActivateSetup                        0x08008855   Thumb Code    68  stm32f7xx_ll_usb.o(i.USB_ActivateSetup)
    USB_CoreInit                             0x08008899   Thumb Code   108  stm32f7xx_ll_usb.o(i.USB_CoreInit)
    USB_DeactivateEndpoint                   0x08008955   Thumb Code   162  stm32f7xx_ll_usb.o(i.USB_DeactivateEndpoint)
    USB_DevConnect                           0x080089fd   Thumb Code    30  stm32f7xx_ll_usb.o(i.USB_DevConnect)
    USB_DevDisconnect                        0x08008a1b   Thumb Code    30  stm32f7xx_ll_usb.o(i.USB_DevDisconnect)
    USB_DevInit                              0x08008a39   Thumb Code   412  stm32f7xx_ll_usb.o(i.USB_DevInit)
    USB_DisableGlobalInt                     0x08008be5   Thumb Code    14  stm32f7xx_ll_usb.o(i.USB_DisableGlobalInt)
    USB_EP0StartXfer                         0x08008bf5   Thumb Code   426  stm32f7xx_ll_usb.o(i.USB_EP0StartXfer)
    USB_EP0_OutStart                         0x08008da5   Thumb Code    68  stm32f7xx_ll_usb.o(i.USB_EP0_OutStart)
    USB_EPClearStall                         0x08008de9   Thumb Code   136  stm32f7xx_ll_usb.o(i.USB_EPClearStall)
    USB_EPSetStall                           0x08008e71   Thumb Code   140  stm32f7xx_ll_usb.o(i.USB_EPSetStall)
    USB_EPStartXfer                          0x08008efd   Thumb Code   714  stm32f7xx_ll_usb.o(i.USB_EPStartXfer)
    USB_EnableGlobalInt                      0x080091cd   Thumb Code    14  stm32f7xx_ll_usb.o(i.USB_EnableGlobalInt)
    USB_FlushRxFifo                          0x080091dd   Thumb Code    38  stm32f7xx_ll_usb.o(i.USB_FlushRxFifo)
    USB_FlushTxFifo                          0x08009209   Thumb Code    44  stm32f7xx_ll_usb.o(i.USB_FlushTxFifo)
    USB_GetDevSpeed                          0x08009239   Thumb Code    68  stm32f7xx_ll_usb.o(i.USB_GetDevSpeed)
    USB_GetMode                              0x0800927d   Thumb Code    10  stm32f7xx_ll_usb.o(i.USB_GetMode)
    USB_ReadDevAllInEpInterrupt              0x08009287   Thumb Code    18  stm32f7xx_ll_usb.o(i.USB_ReadDevAllInEpInterrupt)
    USB_ReadDevAllOutEpInterrupt             0x08009299   Thumb Code    18  stm32f7xx_ll_usb.o(i.USB_ReadDevAllOutEpInterrupt)
    USB_ReadDevInEPInterrupt                 0x080092ab   Thumb Code    44  stm32f7xx_ll_usb.o(i.USB_ReadDevInEPInterrupt)
    USB_ReadDevOutEPInterrupt                0x080092d7   Thumb Code    22  stm32f7xx_ll_usb.o(i.USB_ReadDevOutEPInterrupt)
    USB_ReadInterrupts                       0x080092ed   Thumb Code    12  stm32f7xx_ll_usb.o(i.USB_ReadInterrupts)
    USB_ReadPacket                           0x080092f9   Thumb Code    40  stm32f7xx_ll_usb.o(i.USB_ReadPacket)
    USB_SetCurrentMode                       0x08009321   Thumb Code    48  stm32f7xx_ll_usb.o(i.USB_SetCurrentMode)
    USB_SetDevAddress                        0x08009351   Thumb Code    36  stm32f7xx_ll_usb.o(i.USB_SetDevAddress)
    USB_SetDevSpeed                          0x08009375   Thumb Code    16  stm32f7xx_ll_usb.o(i.USB_SetDevSpeed)
    USB_WritePacket                          0x08009385   Thumb Code    58  stm32f7xx_ll_usb.o(i.USB_WritePacket)
    UsageFault_Handler                       0x080093bf   Thumb Code     4  stm32f7xx_it.o(i.UsageFault_Handler)
    bayer2binary                             0x080093c3   Thumb Code   818  bayer2binary.o(i.bayer2binary)
    binaryDilation                           0x080096f5   Thumb Code   168  binarydilation.o(i.binaryDilation)
    binaryErosion                            0x080097ad   Thumb Code   166  binaryerosion.o(i.binaryErosion)
    imageProcessing                          0x08009865   Thumb Code   106  main.o(i.imageProcessing)
    main                                     0x080098d5   Thumb Code   118  main.o(i.main)
    segment                                  0x0800995d   Thumb Code   416  segmentation.o(i.segment)
    segmentGetCount                          0x08009b05   Thumb Code     6  segmentation.o(i.segmentGetCount)
    segmentGetInfo                           0x08009b11   Thumb Code     6  segmentation.o(i.segmentGetInfo)
    _fp_init                                 0x08009b1d   Thumb Code    10  fpinit.o(x$fpl$fpinit)
    __fplib_config_fpu_vfp                   0x08009b25   Thumb Code     0  fpinit.o(x$fpl$fpinit)
    __fplib_config_pureend_doubles           0x08009b25   Thumb Code     0  fpinit.o(x$fpl$fpinit)
    AHBPrescTable                            0x08009b26   Data          16  system_stm32f7xx.o(.constdata)
    APBPrescTable                            0x08009b36   Data           8  system_stm32f7xx.o(.constdata)
    STORAGE_Inquirydata_HS                   0x08009b3e   Data          36  usbd_storage_if.o(.constdata)
    Region$$Table$$Base                      0x08009b6c   Number         0  anon$$obj.o(Region$$Table)
    Region$$Table$$Limit                     0x08009b9c   Number         0  anon$$obj.o(Region$$Table)
    SystemCoreClock                          0x20000000   Data           4  system_stm32f7xx.o(.data)
    USBD_MSC                                 0x20000008   Data          56  usbd_msc.o(.data)
    USBD_MSC_CfgHSDesc                       0x20000040   Data          32  usbd_msc.o(.data)
    USBD_MSC_CfgFSDesc                       0x20000060   Data          32  usbd_msc.o(.data)
    USBD_MSC_OtherSpeedCfgDesc               0x20000080   Data          32  usbd_msc.o(.data)
    USBD_MSC_DeviceQualifierDesc             0x200000a0   Data          10  usbd_msc.o(.data)
    pCurCmd                                  0x200000ac   Data           4  usbd_msc_scsi.o(.data)
    HS_Desc                                  0x200000b0   Data          32  usbd_desc.o(.data)
    USBD_HS_DeviceDesc                       0x200000d0   Data          18  usbd_desc.o(.data)
    USBD_HS_BOSDesc                          0x200000e4   Data          12  usbd_desc.o(.data)
    USBD_LangIDDesc                          0x200000f0   Data           4  usbd_desc.o(.data)
    isReady                                  0x200000f4   Data           1  main.o(.data)
    isRead                                   0x200000f5   Data           1  main.o(.data)
    buf                                      0x200000f6   Data           1  main.o(.data)
    width                                    0x200000f7   Data           2  main.o(.data)
    height                                   0x200000f9   Data           2  main.o(.data)
    dcmi_flag                                0x200000fb   Data           1  main.o(.data)
    USBD_Storage_Interface_fops_HS           0x200000fc   Data          32  usbd_storage_if.o(.data)
    uwTick                                   0x2000011c   Data           4  stm32f7xx_hal.o(.data)
    init_reg                                 0x200004e0   Data         600  lib_stm32f7_ov5653.o(.data)
    DMA_FRAME_BUFFER                         0x20000738   Data           4  lib_stm32f7_ov5653.o(.data)
    gpCharInfo                               0x2000073c   Data           4  segmentation.o(.data)
    gCharCount                               0x20000740   Data           1  segmentation.o(.data)
    USBD_StrDesc                             0x20000744   Data         512  usbd_desc.o(.bss)
    hpcd_USB_OTG_HS                          0x20000944   Data         960  usbd_conf.o(.bss)
    hUsbDeviceHS                             0x20000d04   Data         548  usb_device.o(.bss)
    hdcmi                                    0x20000f28   Data          80  main.o(.bss)
    hdma_dcmi                                0x20000f78   Data          96  main.o(.bss)
    heth                                     0x20000fd8   Data          72  main.o(.bss)
    hi2c1                                    0x20001020   Data          76  main.o(.bss)
    hi2c3                                    0x2000106c   Data          76  main.o(.bss)
    hi2c4                                    0x200010b8   Data          76  main.o(.bss)
    hi2s2                                    0x20001104   Data          64  main.o(.bss)
    hltdc                                    0x20001144   Data         168  main.o(.bss)
    hsd1                                     0x200011ec   Data          96  main.o(.bss)
    SDCardInfo1                              0x20001250   Data          88  main.o(.bss)
    hspi5                                    0x200012a8   Data         100  main.o(.bss)
    huart1                                   0x2000130c   Data         112  main.o(.bss)
    huart2                                   0x2000137c   Data         112  main.o(.bss)
    hsdram1                                  0x200013ec   Data          52  main.o(.bss)
    gRoi                                     0x20001420   Data          20  main.o(.bss)
    __libspace_start                         0x20001434   Data          96  libspace.o(.bss)
    __temporary_stack_top$libspace           0x20001494   Data           0  libspace.o(.bss)
    pData                                    0xc0000000   Data       76800  main.o(SDRAM)
    dstBuf                                   0xc0012c00   Data       76800  main.o(SDRAM)



==============================================================================

Memory Map of the image

  Image Entry point : 0x080001f9

  Load Region LR_IROM1 (Base: 0x08000000, Size: 0x0002fae0, Max: 0x00200000, ABSOLUTE, COMPRESSED[0x0000a450])

    Execution Region ER_IROM1 (Base: 0x08000000, Size: 0x00009b9c, Max: 0x00200000, ABSOLUTE)

    Base Addr    Size         Type   Attr      Idx    E Section Name        Object

    0x08000000   0x000001f8   Data   RO          170    RESET               startup_stm32f767xx.o
    0x080001f8   0x00000008   Code   RO         8347  * !!!main             c_w.l(__main.o)
    0x08000200   0x00000034   Code   RO         8829    !!!scatter          c_w.l(__scatter.o)
    0x08000234   0x0000005a   Code   RO         8827    !!dczerorl2         c_w.l(__dczerorl2.o)
    0x0800028e   0x00000002   PAD
    0x08000290   0x0000001c   Code   RO         8831    !!handler_zi        c_w.l(__scatter_zi.o)
    0x080002ac   0x00000002   Code   RO         8740    .ARM.Collect$$libinit$$00000000  c_w.l(libinit.o)
    0x080002ae   0x00000004   Code   RO         8494    .ARM.Collect$$libinit$$00000001  c_w.l(libinit2.o)
    0x080002b2   0x00000000   Code   RO         8497    .ARM.Collect$$libinit$$00000004  c_w.l(libinit2.o)
    0x080002b2   0x00000008   Code   RO         8498    .ARM.Collect$$libinit$$00000005  c_w.l(libinit2.o)
    0x080002ba   0x00000000   Code   RO         8500    .ARM.Collect$$libinit$$0000000A  c_w.l(libinit2.o)
    0x080002ba   0x00000000   Code   RO         8502    .ARM.Collect$$libinit$$0000000C  c_w.l(libinit2.o)
    0x080002ba   0x00000000   Code   RO         8504    .ARM.Collect$$libinit$$0000000E  c_w.l(libinit2.o)
    0x080002ba   0x00000000   Code   RO         8507    .ARM.Collect$$libinit$$00000011  c_w.l(libinit2.o)
    0x080002ba   0x00000000   Code   RO         8509    .ARM.Collect$$libinit$$00000013  c_w.l(libinit2.o)
    0x080002ba   0x00000000   Code   RO         8511    .ARM.Collect$$libinit$$00000015  c_w.l(libinit2.o)
    0x080002ba   0x00000000   Code   RO         8513    .ARM.Collect$$libinit$$00000017  c_w.l(libinit2.o)
    0x080002ba   0x00000000   Code   RO         8515    .ARM.Collect$$libinit$$00000019  c_w.l(libinit2.o)
    0x080002ba   0x00000000   Code   RO         8517    .ARM.Collect$$libinit$$0000001B  c_w.l(libinit2.o)
    0x080002ba   0x00000000   Code   RO         8519    .ARM.Collect$$libinit$$0000001D  c_w.l(libinit2.o)
    0x080002ba   0x00000000   Code   RO         8521    .ARM.Collect$$libinit$$0000001F  c_w.l(libinit2.o)
    0x080002ba   0x00000000   Code   RO         8523    .ARM.Collect$$libinit$$00000021  c_w.l(libinit2.o)
    0x080002ba   0x00000000   Code   RO         8525    .ARM.Collect$$libinit$$00000023  c_w.l(libinit2.o)
    0x080002ba   0x00000000   Code   RO         8527    .ARM.Collect$$libinit$$00000025  c_w.l(libinit2.o)
    0x080002ba   0x00000000   Code   RO         8531    .ARM.Collect$$libinit$$0000002C  c_w.l(libinit2.o)
    0x080002ba   0x00000000   Code   RO         8533    .ARM.Collect$$libinit$$0000002E  c_w.l(libinit2.o)
    0x080002ba   0x00000000   Code   RO         8535    .ARM.Collect$$libinit$$00000030  c_w.l(libinit2.o)
    0x080002ba   0x00000000   Code   RO         8537    .ARM.Collect$$libinit$$00000032  c_w.l(libinit2.o)
    0x080002ba   0x00000002   Code   RO         8538    .ARM.Collect$$libinit$$00000033  c_w.l(libinit2.o)
    0x080002bc   0x00000002   Code   RO         8824    .ARM.Collect$$libshutdown$$00000000  c_w.l(libshutdown.o)
    0x080002be   0x00000000   Code   RO         8742    .ARM.Collect$$libshutdown$$00000002  c_w.l(libshutdown2.o)
    0x080002be   0x00000000   Code   RO         8744    .ARM.Collect$$libshutdown$$00000004  c_w.l(libshutdown2.o)
    0x080002be   0x00000000   Code   RO         8747    .ARM.Collect$$libshutdown$$00000007  c_w.l(libshutdown2.o)
    0x080002be   0x00000000   Code   RO         8750    .ARM.Collect$$libshutdown$$0000000A  c_w.l(libshutdown2.o)
    0x080002be   0x00000000   Code   RO         8752    .ARM.Collect$$libshutdown$$0000000C  c_w.l(libshutdown2.o)
    0x080002be   0x00000000   Code   RO         8755    .ARM.Collect$$libshutdown$$0000000F  c_w.l(libshutdown2.o)
    0x080002be   0x00000002   Code   RO         8756    .ARM.Collect$$libshutdown$$00000010  c_w.l(libshutdown2.o)
    0x080002c0   0x00000000   Code   RO         8449    .ARM.Collect$$rtentry$$00000000  c_w.l(__rtentry.o)
    0x080002c0   0x00000000   Code   RO         8591    .ARM.Collect$$rtentry$$00000002  c_w.l(__rtentry2.o)
    0x080002c0   0x00000006   Code   RO         8603    .ARM.Collect$$rtentry$$00000004  c_w.l(__rtentry4.o)
    0x080002c6   0x00000000   Code   RO         8593    .ARM.Collect$$rtentry$$00000009  c_w.l(__rtentry2.o)
    0x080002c6   0x00000004   Code   RO         8594    .ARM.Collect$$rtentry$$0000000A  c_w.l(__rtentry2.o)
    0x080002ca   0x00000000   Code   RO         8596    .ARM.Collect$$rtentry$$0000000C  c_w.l(__rtentry2.o)
    0x080002ca   0x00000008   Code   RO         8597    .ARM.Collect$$rtentry$$0000000D  c_w.l(__rtentry2.o)
    0x080002d2   0x00000002   Code   RO         8761    .ARM.Collect$$rtexit$$00000000  c_w.l(rtexit.o)
    0x080002d4   0x00000000   Code   RO         8792    .ARM.Collect$$rtexit$$00000002  c_w.l(rtexit2.o)
    0x080002d4   0x00000004   Code   RO         8793    .ARM.Collect$$rtexit$$00000003  c_w.l(rtexit2.o)
    0x080002d8   0x00000006   Code   RO         8794    .ARM.Collect$$rtexit$$00000004  c_w.l(rtexit2.o)
    0x080002de   0x00000002   PAD
    0x080002e0   0x00000000   Code   RO         8619    .emb_text           c_w.l(maybetermalloc1.o)
    0x080002e0   0x00000040   Code   RO          171    .text               startup_stm32f767xx.o
    0x08000320   0x00000028   Code   RO         8243    .text               c_w.l(calloc.o)
    0x08000348   0x0000005e   Code   RO         8245    .text               c_w.l(h1_alloc.o)
    0x080003a6   0x0000004e   Code   RO         8247    .text               c_w.l(h1_free.o)
    0x080003f4   0x00000064   Code   RO         8337    .text               c_w.l(rt_memcpy_w.o)
    0x08000458   0x00000044   Code   RO         8341    .text               c_w.l(rt_memclr.o)
    0x0800049c   0x0000004e   Code   RO         8343    .text               c_w.l(rt_memclr_w.o)
    0x080004ea   0x00000006   Code   RO         8345    .text               c_w.l(heapauxi.o)
    0x080004f0   0x00000008   Code   RO         8457    .text               c_w.l(rt_heap_descriptor_intlibspace.o)
    0x080004f8   0x00000004   Code   RO         8459    .text               c_w.l(hguard.o)
    0x080004fc   0x0000008a   Code   RO         8461    .text               c_w.l(init_alloc.o)
    0x08000586   0x0000000e   Code   RO         8465    .text               c_w.l(h1_init.o)
    0x08000594   0x00000008   Code   RO         8587    .text               c_w.l(libspace.o)
    0x0800059c   0x00000034   Code   RO         8621    .text               c_w.l(h1_extend.o)
    0x080005d0   0x0000000e   Code   RO         8673    .text               c_w.l(defsig_rtmem_outer.o)
    0x080005de   0x00000002   Code   RO         8691    .text               c_w.l(use_no_semi.o)
    0x080005e0   0x00000000   Code   RO         8693    .text               c_w.l(indicate_semi.o)
    0x080005e0   0x0000004a   Code   RO         8694    .text               c_w.l(sys_stackheap_outer.o)
    0x0800062a   0x00000012   Code   RO         8715    .text               c_w.l(exit.o)
    0x0800063c   0x0000000a   Code   RO         8717    .text               c_w.l(defsig_exit.o)
    0x08000646   0x00000002   PAD
    0x08000648   0x00000050   Code   RO         8727    .text               c_w.l(defsig_rtmem_inner.o)
    0x08000698   0x0000000c   Code   RO         8759    .text               c_w.l(sys_exit.o)
    0x080006a4   0x00000032   Code   RO         8779    .text               c_w.l(defsig_general.o)
    0x080006d6   0x0000000e   Code   RO         8789    .text               c_w.l(sys_wrch.o)
    0x080006e4   0x00000004   Code   RO         1600    i.BusFault_Handler  stm32f7xx_it.o
    0x080006e8   0x00000024   Code   RO         2413    i.DCMI_DMAError     stm32f7xx_hal_dcmi.o
    0x0800070c   0x000000c6   Code   RO         2414    i.DCMI_DMAXferCplt  stm32f7xx_hal_dcmi.o
    0x080007d2   0x00000002   PAD
    0x080007d4   0x00000010   Code   RO         1601    i.DCMI_IRQHandler   stm32f7xx_it.o
    0x080007e4   0x00000010   Code   RO         1602    i.DMA2_Stream1_IRQHandler  stm32f7xx_it.o
    0x080007f4   0x00000034   Code   RO         2266    i.DMA_CalcBaseAndBitshift  stm32f7xx_hal_dma.o
    0x08000828   0x000000ba   Code   RO         2267    i.DMA_CheckFifoParam  stm32f7xx_hal_dma.o
    0x080008e2   0x00000020   Code   RO         2372    i.DMA_MultiBufferSetConfig  stm32f7xx_hal_dma_ex.o
    0x08000902   0x0000002c   Code   RO         2268    i.DMA_SetConfig     stm32f7xx_hal_dma.o
    0x0800092e   0x00000002   Code   RO         1603    i.DebugMon_Handler  stm32f7xx_it.o
    0x08000930   0x00000004   Code   RO         1441    i.Error_Handler     main.o
    0x08000934   0x00000002   Code   RO         2419    i.HAL_DCMI_ErrorCallback  stm32f7xx_hal_dcmi.o
    0x08000936   0x00000002   Code   RO         2420    i.HAL_DCMI_FrameEventCallback  stm32f7xx_hal_dcmi.o
    0x08000938   0x000000b4   Code   RO         2423    i.HAL_DCMI_IRQHandler  stm32f7xx_hal_dcmi.o
    0x080009ec   0x000000bc   Code   RO         2424    i.HAL_DCMI_Init     stm32f7xx_hal_dcmi.o
    0x08000aa8   0x00000002   Code   RO         2425    i.HAL_DCMI_LineEventCallback  stm32f7xx_hal_dcmi.o
    0x08000aaa   0x00000002   PAD
    0x08000aac   0x00000178   Code   RO         1297    i.HAL_DCMI_MspInit  stm32f7xx_hal_msp.o
    0x08000c24   0x000000ec   Code   RO         2429    i.HAL_DCMI_Start_DMA  stm32f7xx_hal_dcmi.o
    0x08000d10   0x00000094   Code   RO         2430    i.HAL_DCMI_Stop     stm32f7xx_hal_dcmi.o
    0x08000da4   0x00000030   Code   RO         1442    i.HAL_DCMI_VsyncEventCallback  main.o
    0x08000dd4   0x00000012   Code   RO         2373    i.HAL_DMAEx_ChangeMemory  stm32f7xx_hal_dma_ex.o
    0x08000de6   0x00000002   PAD
    0x08000de8   0x00000fcc   Code   RO         2375    i.HAL_DMAEx_MultiBufferStart_IT  stm32f7xx_hal_dma_ex.o
    0x08001db4   0x000000aa   Code   RO         2269    i.HAL_DMA_Abort     stm32f7xx_hal_dma.o
    0x08001e5e   0x00000028   Code   RO         2270    i.HAL_DMA_Abort_IT  stm32f7xx_hal_dma.o
    0x08001e86   0x00000002   PAD
    0x08001e88   0x00000248   Code   RO         2274    i.HAL_DMA_IRQHandler  stm32f7xx_hal_dma.o
    0x080020d0   0x000000e8   Code   RO         2275    i.HAL_DMA_Init      stm32f7xx_hal_dma.o
    0x080021b8   0x0000009e   Code   RO         2279    i.HAL_DMA_Start_IT  stm32f7xx_hal_dma.o
    0x08002256   0x0000001a   Code   RO         5962    i.HAL_Delay         stm32f7xx_hal.o
    0x08002270   0x00000218   Code   RO         2203    i.HAL_GPIO_Init     stm32f7xx_hal_gpio.o
    0x08002488   0x0000000c   Code   RO         2207    i.HAL_GPIO_WritePin  stm32f7xx_hal_gpio.o
    0x08002494   0x0000000c   Code   RO         5972    i.HAL_GetTick       stm32f7xx_hal.o
    0x080024a0   0x0000006a   Code   RO         2049    i.HAL_I2CEx_ConfigAnalogFilter  stm32f7xx_hal_i2c_ex.o
    0x0800250a   0x00000002   PAD
    0x0800250c   0x000000bc   Code   RO         4373    i.HAL_I2C_Init      stm32f7xx_hal_i2c.o
    0x080025c8   0x00000174   Code   RO         4384    i.HAL_I2C_Master_Transmit  stm32f7xx_hal_i2c.o
    0x0800273c   0x000000ec   Code   RO         1303    i.HAL_I2C_MspInit   stm32f7xx_hal_msp.o
    0x08002828   0x00000118   Code   RO         4918    i.HAL_I2S_Init      stm32f7xx_hal_i2s.o
    0x08002940   0x00000074   Code   RO         1305    i.HAL_I2S_MspInit   stm32f7xx_hal_msp.o
    0x080029b4   0x00000010   Code   RO         5973    i.HAL_IncTick       stm32f7xx_hal.o
    0x080029c4   0x00000016   Code   RO         5974    i.HAL_Init          stm32f7xx_hal.o
    0x080029da   0x00000002   PAD
    0x080029dc   0x00000028   Code   RO         5975    i.HAL_InitTick      stm32f7xx_hal.o
    0x08002a04   0x0000005e   Code   RO         3313    i.HAL_LTDC_ConfigLayer  stm32f7xx_hal_ltdc.o
    0x08002a62   0x00000002   PAD
    0x08002a64   0x00000128   Code   RO         3330    i.HAL_LTDC_Init     stm32f7xx_hal_ltdc.o
    0x08002b8c   0x0000012c   Code   RO         1307    i.HAL_LTDC_MspInit  stm32f7xx_hal_msp.o
    0x08002cb8   0x00000056   Code   RO         1308    i.HAL_MspInit       stm32f7xx_hal_msp.o
    0x08002d0e   0x0000001a   Code   RO         3876    i.HAL_NVIC_EnableIRQ  stm32f7xx_hal_cortex.o
    0x08002d28   0x0000007c   Code   RO         3882    i.HAL_NVIC_SetPriority  stm32f7xx_hal_cortex.o
    0x08002da4   0x00000028   Code   RO         3883    i.HAL_NVIC_SetPriorityGrouping  stm32f7xx_hal_cortex.o
    0x08002dcc   0x00000028   Code   RO         4314    i.HAL_PCDEx_ActivateLPM  stm32f7xx_hal_pcd_ex.o
    0x08002df4   0x00000070   Code   RO         1067    i.HAL_PCDEx_LPM_Callback  usbd_conf.o
    0x08002e64   0x0000000a   Code   RO         4317    i.HAL_PCDEx_SetRxFiFo  stm32f7xx_hal_pcd_ex.o
    0x08002e6e   0x00000052   Code   RO         4318    i.HAL_PCDEx_SetTxFiFo  stm32f7xx_hal_pcd_ex.o
    0x08002ec0   0x0000000e   Code   RO         1068    i.HAL_PCD_ConnectCallback  usbd_conf.o
    0x08002ece   0x00000020   Code   RO         1069    i.HAL_PCD_DataInStageCallback  usbd_conf.o
    0x08002eee   0x00000020   Code   RO         1070    i.HAL_PCD_DataOutStageCallback  usbd_conf.o
    0x08002f0e   0x0000000e   Code   RO         1071    i.HAL_PCD_DisconnectCallback  usbd_conf.o
    0x08002f1c   0x0000006a   Code   RO         5653    i.HAL_PCD_EP_Close  stm32f7xx_hal_pcd.o
    0x08002f86   0x00000068   Code   RO         5654    i.HAL_PCD_EP_ClrStall  stm32f7xx_hal_pcd.o
    0x08002fee   0x00000044   Code   RO         5655    i.HAL_PCD_EP_Flush  stm32f7xx_hal_pcd.o
    0x08003032   0x00000018   Code   RO         5656    i.HAL_PCD_EP_GetRxCount  stm32f7xx_hal_pcd.o
    0x0800304a   0x0000008c   Code   RO         5657    i.HAL_PCD_EP_Open   stm32f7xx_hal_pcd.o
    0x080030d6   0x00000078   Code   RO         5658    i.HAL_PCD_EP_Receive  stm32f7xx_hal_pcd.o
    0x0800314e   0x0000007a   Code   RO         5659    i.HAL_PCD_EP_SetStall  stm32f7xx_hal_pcd.o
    0x080031c8   0x0000007a   Code   RO         5660    i.HAL_PCD_EP_Transmit  stm32f7xx_hal_pcd.o
    0x08003242   0x00000002   PAD
    0x08003244   0x000006dc   Code   RO         5662    i.HAL_PCD_IRQHandler  stm32f7xx_hal_pcd.o
    0x08003920   0x00000012   Code   RO         1072    i.HAL_PCD_ISOINIncompleteCallback  usbd_conf.o
    0x08003932   0x00000012   Code   RO         1073    i.HAL_PCD_ISOOUTIncompleteCallback  usbd_conf.o
    0x08003944   0x0000014e   Code   RO         5665    i.HAL_PCD_Init      stm32f7xx_hal_pcd.o
    0x08003a92   0x00000002   PAD
    0x08003a94   0x00000124   Code   RO         1075    i.HAL_PCD_MspInit   usbd_conf.o
    0x08003bb8   0x00000032   Code   RO         1076    i.HAL_PCD_ResetCallback  usbd_conf.o
    0x08003bea   0x0000000e   Code   RO         1077    i.HAL_PCD_ResumeCallback  usbd_conf.o
    0x08003bf8   0x0000000e   Code   RO         1078    i.HAL_PCD_SOFCallback  usbd_conf.o
    0x08003c06   0x00000032   Code   RO         5671    i.HAL_PCD_SetAddress  stm32f7xx_hal_pcd.o
    0x08003c38   0x00000012   Code   RO         1079    i.HAL_PCD_SetupStageCallback  usbd_conf.o
    0x08003c4a   0x00000034   Code   RO         5673    i.HAL_PCD_Start     stm32f7xx_hal_pcd.o
    0x08003c7e   0x00000002   PAD
    0x08003c80   0x00000034   Code   RO         1080    i.HAL_PCD_SuspendCallback  usbd_conf.o
    0x08003cb4   0x00000090   Code   RO         5398    i.HAL_PWREx_EnableOverDrive  stm32f7xx_hal_pwr_ex.o
    0x08003d44   0x00000980   Code   RO         5486    i.HAL_RCCEx_PeriphCLKConfig  stm32f7xx_hal_rcc_ex.o
    0x080046c4   0x000001b4   Code   RO         4213    i.HAL_RCC_ClockConfig  stm32f7xx_hal_rcc.o
    0x08004878   0x0000000c   Code   RO         4218    i.HAL_RCC_GetHCLKFreq  stm32f7xx_hal_rcc.o
    0x08004884   0x0000002c   Code   RO         4220    i.HAL_RCC_GetPCLK1Freq  stm32f7xx_hal_rcc.o
    0x080048b0   0x0000002c   Code   RO         4221    i.HAL_RCC_GetPCLK2Freq  stm32f7xx_hal_rcc.o
    0x080048dc   0x000000b4   Code   RO         4222    i.HAL_RCC_GetSysClockFreq  stm32f7xx_hal_rcc.o
    0x08004990   0x000004d0   Code   RO         5487    i.HAL_RCC_OscConfig  stm32f7xx_hal_rcc_ex.o
    0x08004e60   0x000000b2   Code   RO         3029    i.HAL_SPI_Init      stm32f7xx_hal_spi.o
    0x08004f12   0x00000002   PAD
    0x08004f14   0x00000058   Code   RO         1314    i.HAL_SPI_MspInit   stm32f7xx_hal_msp.o
    0x08004f6c   0x00000028   Code   RO         3885    i.HAL_SYSTICK_CLKSourceConfig  stm32f7xx_hal_cortex.o
    0x08004f94   0x00000002   Code   RO         3886    i.HAL_SYSTICK_Callback  stm32f7xx_hal_cortex.o
    0x08004f96   0x00000034   Code   RO         3887    i.HAL_SYSTICK_Config  stm32f7xx_hal_cortex.o
    0x08004fca   0x00000008   Code   RO         3888    i.HAL_SYSTICK_IRQHandler  stm32f7xx_hal_cortex.o
    0x08004fd2   0x00000078   Code   RO         5118    i.HAL_UART_Init     stm32f7xx_hal_uart.o
    0x0800504a   0x00000002   PAD
    0x0800504c   0x000000c8   Code   RO         1316    i.HAL_UART_MspInit  stm32f7xx_hal_msp.o
    0x08005114   0x00000004   Code   RO         1604    i.HardFault_Handler  stm32f7xx_it.o
    0x08005118   0x00000028   Code   RO         4415    i.I2C_Flush_TXDR    stm32f7xx_hal_i2c.o
    0x08005140   0x0000008c   Code   RO         4423    i.I2C_IsAcknowledgeFailed  stm32f7xx_hal_i2c.o
    0x080051cc   0x00000030   Code   RO         4430    i.I2C_TransferConfig  stm32f7xx_hal_i2c.o
    0x080051fc   0x00000056   Code   RO         4431    i.I2C_WaitOnFlagUntilTimeout  stm32f7xx_hal_i2c.o
    0x08005252   0x00000056   Code   RO         4433    i.I2C_WaitOnSTOPFlagUntilTimeout  stm32f7xx_hal_i2c.o
    0x080052a8   0x0000005a   Code   RO         4434    i.I2C_WaitOnTXISFlagUntilTimeout  stm32f7xx_hal_i2c.o
    0x08005302   0x00000002   PAD
    0x08005304   0x00000074   Code   RO         4936    i.I2S_GetClockFreq  stm32f7xx_hal_i2s.o
    0x08005378   0x00000212   Code   RO         3349    i.LTDC_SetConfig    stm32f7xx_hal_ltdc.o
    0x0800558a   0x00000042   Code   RO          699    i.MSC_BOT_Abort     usbd_msc_bot.o
    0x080055cc   0x000000d0   Code   RO          700    i.MSC_BOT_CBW_Decode  usbd_msc_bot.o
    0x0800569c   0x00000036   Code   RO          701    i.MSC_BOT_CplClrFeature  usbd_msc_bot.o
    0x080056d2   0x0000004a   Code   RO          702    i.MSC_BOT_DataIn    usbd_msc_bot.o
    0x0800571c   0x00000040   Code   RO          703    i.MSC_BOT_DataOut   usbd_msc_bot.o
    0x0800575c   0x0000000a   Code   RO          704    i.MSC_BOT_DeInit    usbd_msc_bot.o
    0x08005766   0x00000040   Code   RO          705    i.MSC_BOT_Init      usbd_msc_bot.o
    0x080057a6   0x00000020   Code   RO          706    i.MSC_BOT_Reset     usbd_msc_bot.o
    0x080057c6   0x00000002   PAD
    0x080057c8   0x0000003c   Code   RO          707    i.MSC_BOT_SendCSW   usbd_msc_bot.o
    0x08005804   0x0000004c   Code   RO          708    i.MSC_BOT_SendData  usbd_msc_bot.o
    0x08005850   0x000000ce   Code   RO          802    i.MSC_BufferRead    usbd_msc_scsi.o
    0x0800591e   0x00000072   Code   RO          803    i.MSC_ClearFlag     usbd_msc_scsi.o
    0x08005990   0x00000072   Code   RO          804    i.MSC_FlagRead      usbd_msc_scsi.o
    0x08005a02   0x00000002   PAD
    0x08005a04   0x00000084   Code   RO          805    i.MSC_GetRoiInfo    usbd_msc_scsi.o
    0x08005a88   0x00000072   Code   RO          806    i.MSC_GetSegmentCount  usbd_msc_scsi.o
    0x08005afa   0x0000007a   Code   RO          807    i.MSC_GetSegmentInfo  usbd_msc_scsi.o
    0x08005b74   0x00000072   Code   RO          808    i.MSC_ImageInfoRead  usbd_msc_scsi.o
    0x08005be6   0x00000002   PAD
    0x08005be8   0x0000003c   Code   RO         1443    i.MX_DCMI_Init      main.o
    0x08005c24   0x00000034   Code   RO         1444    i.MX_DMA_Init       main.o
    0x08005c58   0x000002ec   Code   RO         1447    i.MX_GPIO_Init      main.o
    0x08005f44   0x00000048   Code   RO         1448    i.MX_I2C1_Init      main.o
    0x08005f8c   0x00000048   Code   RO         1449    i.MX_I2C3_Init      main.o
    0x08005fd4   0x00000048   Code   RO         1450    i.MX_I2C4_Init      main.o
    0x0800601c   0x0000003c   Code   RO         1451    i.MX_I2S2_Init      main.o
    0x08006058   0x000000e4   Code   RO         1452    i.MX_LTDC_Init      main.o
    0x0800613c   0x00000050   Code   RO         1454    i.MX_SPI5_Init      main.o
    0x0800618c   0x00000044   Code   RO         1455    i.MX_USART1_UART_Init  main.o
    0x080061d0   0x00000044   Code   RO         1456    i.MX_USART2_UART_Init  main.o
    0x08006214   0x00000034   Code   RO         1262    i.MX_USB_DEVICE_Init  usb_device.o
    0x08006248   0x00000004   Code   RO         1605    i.MemManage_Handler  stm32f7xx_it.o
    0x0800624c   0x00000002   Code   RO         1606    i.NMI_Handler       stm32f7xx_it.o
    0x0800624e   0x00000002   PAD
    0x08006250   0x00000010   Code   RO         3889    i.NVIC_GetPriorityGrouping  stm32f7xx_hal_cortex.o
    0x08006260   0x00000028   Code   RO         3890    i.NVIC_SetPriority  stm32f7xx_hal_cortex.o
    0x08006288   0x00000010   Code   RO         1607    i.OTG_HS_EP1_IN_IRQHandler  stm32f7xx_it.o
    0x08006298   0x00000010   Code   RO         1608    i.OTG_HS_EP1_OUT_IRQHandler  stm32f7xx_it.o
    0x080062a8   0x00000010   Code   RO         1609    i.OTG_HS_IRQHandler  stm32f7xx_it.o
    0x080062b8   0x000000b0   Code   RO         6126    i.OV5653_InitConfig  lib_stm32f7_ov5653.o
    0x08006368   0x00000028   Code   RO         6127    i.OV5653_Reset      lib_stm32f7_ov5653.o
    0x08006390   0x000000b0   Code   RO         5676    i.PCD_WriteEmptyTxFifo  stm32f7xx_hal_pcd.o
    0x08006440   0x00000002   Code   RO         1610    i.PendSV_Handler    stm32f7xx_it.o
    0x08006442   0x00000002   PAD
    0x08006444   0x000000ac   Code   RO          809    i.SCSI_BufferRead   usbd_msc_scsi.o
    0x080064f0   0x00000032   Code   RO          810    i.SCSI_CheckAddressRange  usbd_msc_scsi.o
    0x08006522   0x00000002   PAD
    0x08006524   0x0000005c   Code   RO          811    i.SCSI_ClearFlag    usbd_msc_scsi.o
    0x08006580   0x00000058   Code   RO          812    i.SCSI_FlagRead     usbd_msc_scsi.o
    0x080065d8   0x0000006a   Code   RO          813    i.SCSI_ImageInfoRead  usbd_msc_scsi.o
    0x08006642   0x000000b6   Code   RO          814    i.SCSI_Inquiry      usbd_msc_scsi.o
    0x080066f8   0x00000028   Code   RO          815    i.SCSI_ModeSense10  usbd_msc_scsi.o
    0x08006720   0x00000024   Code   RO          816    i.SCSI_ModeSense6   usbd_msc_scsi.o
    0x08006744   0x000001dc   Code   RO          817    i.SCSI_ProcessCmd   usbd_msc_scsi.o
    0x08006920   0x00000062   Code   RO          818    i.SCSI_ProcessRead  usbd_msc_scsi.o
    0x08006982   0x000000be   Code   RO          819    i.SCSI_ProcessWrite  usbd_msc_scsi.o
    0x08006a40   0x000000ec   Code   RO          820    i.SCSI_Read10       usbd_msc_scsi.o
    0x08006b2c   0x00000080   Code   RO          821    i.SCSI_ReadCapacity10  usbd_msc_scsi.o
    0x08006bac   0x0000008a   Code   RO          822    i.SCSI_ReadFormatCapacity  usbd_msc_scsi.o
    0x08006c36   0x00000052   Code   RO          823    i.SCSI_ReadSegCount  usbd_msc_scsi.o
    0x08006c88   0x00000058   Code   RO          824    i.SCSI_ReadSegInfo  usbd_msc_scsi.o
    0x08006ce0   0x00000086   Code   RO          825    i.SCSI_RequestSense  usbd_msc_scsi.o
    0x08006d66   0x0000003a   Code   RO          826    i.SCSI_SenseCode    usbd_msc_scsi.o
    0x08006da0   0x00000010   Code   RO          827    i.SCSI_StartStopUnit  usbd_msc_scsi.o
    0x08006db0   0x00000032   Code   RO          828    i.SCSI_TestUnitReady  usbd_msc_scsi.o
    0x08006de2   0x00000050   Code   RO          829    i.SCSI_Verify10     usbd_msc_scsi.o
    0x08006e32   0x000000f0   Code   RO          830    i.SCSI_Write10      usbd_msc_scsi.o
    0x08006f22   0x00000010   Code   RO         1832    i.STORAGE_GetCapacity_HS  usbd_storage_if.o
    0x08006f32   0x00000004   Code   RO         1833    i.STORAGE_GetMaxLun_HS  usbd_storage_if.o
    0x08006f36   0x00000006   Code   RO         1834    i.STORAGE_Init_HS   usbd_storage_if.o
    0x08006f3c   0x00000006   Code   RO         1835    i.STORAGE_IsReady_HS  usbd_storage_if.o
    0x08006f42   0x00000006   Code   RO         1836    i.STORAGE_IsWriteProtected_HS  usbd_storage_if.o
    0x08006f48   0x00000008   Code   RO         1837    i.STORAGE_Read_HS   usbd_storage_if.o
    0x08006f50   0x00000008   Code   RO         1838    i.STORAGE_Write_HS  usbd_storage_if.o
    0x08006f58   0x00000002   Code   RO         1611    i.SVC_Handler       stm32f7xx_it.o
    0x08006f5a   0x0000000c   Code   RO         1612    i.SysTick_Handler   stm32f7xx_it.o
    0x08006f66   0x00000002   PAD
    0x08006f68   0x00000110   Code   RO         1458    i.SystemClock_Config  main.o
    0x08007078   0x00000068   Code   RO            5    i.SystemInit        system_stm32f7xx.o
    0x080070e0   0x00000268   Code   RO            6    i.SystemInit_ExtMemCtl  system_stm32f7xx.o
    0x08007348   0x000000ea   Code   RO         5131    i.UART_AdvFeatureConfig  stm32f7xx_hal_uart.o
    0x08007432   0x00000074   Code   RO         5132    i.UART_CheckIdleState  stm32f7xx_hal_uart.o
    0x080074a6   0x00000002   PAD
    0x080074a8   0x0000038c   Code   RO         5143    i.UART_SetConfig    stm32f7xx_hal_uart.o
    0x08007834   0x0000006c   Code   RO         5145    i.UART_WaitOnFlagUntilTimeout  stm32f7xx_hal_uart.o
    0x080078a0   0x00000016   Code   RO          410    i.USBD_ClrClassConfig  usbd_core.o
    0x080078b6   0x00000044   Code   RO          178    i.USBD_ClrFeature   usbd_ctlreq.o
    0x080078fa   0x00000018   Code   RO          548    i.USBD_CtlContinueRx  usbd_ioreq.o
    0x08007912   0x00000018   Code   RO          549    i.USBD_CtlContinueSendData  usbd_ioreq.o
    0x0800792a   0x00000018   Code   RO          179    i.USBD_CtlError     usbd_ctlreq.o
    0x08007942   0x0000001a   Code   RO          551    i.USBD_CtlReceiveStatus  usbd_ioreq.o
    0x0800795c   0x00000022   Code   RO          552    i.USBD_CtlSendData  usbd_ioreq.o
    0x0800797e   0x0000001a   Code   RO          553    i.USBD_CtlSendStatus  usbd_ioreq.o
    0x08007998   0x00000050   Code   RO          180    i.USBD_GetConfig    usbd_ctlreq.o
    0x080079e8   0x00000166   Code   RO          181    i.USBD_GetDescriptor  usbd_ctlreq.o
    0x08007b4e   0x00000014   Code   RO          182    i.USBD_GetLen       usbd_ctlreq.o
    0x08007b62   0x00000044   Code   RO          183    i.USBD_GetStatus    usbd_ctlreq.o
    0x08007ba6   0x00000052   Code   RO          184    i.USBD_GetString    usbd_ctlreq.o
    0x08007bf8   0x00000034   Code   RO          994    i.USBD_HS_ConfigStrDescriptor  usbd_desc.o
    0x08007c2c   0x00000010   Code   RO          995    i.USBD_HS_DeviceDescriptor  usbd_desc.o
    0x08007c3c   0x00000038   Code   RO          996    i.USBD_HS_InterfaceStrDescriptor  usbd_desc.o
    0x08007c74   0x00000010   Code   RO          997    i.USBD_HS_LangIDStrDescriptor  usbd_desc.o
    0x08007c84   0x0000002c   Code   RO          998    i.USBD_HS_ManufacturerStrDescriptor  usbd_desc.o
    0x08007cb0   0x0000003c   Code   RO          999    i.USBD_HS_ProductStrDescriptor  usbd_desc.o
    0x08007cec   0x00000038   Code   RO         1000    i.USBD_HS_SerialStrDescriptor  usbd_desc.o
    0x08007d24   0x00000010   Code   RO         1001    i.USBD_HS_USR_BOSDescriptor  usbd_desc.o
    0x08007d34   0x00000032   Code   RO          412    i.USBD_Init         usbd_core.o
    0x08007d66   0x00000014   Code   RO         1081    i.USBD_LL_ClearStallEP  usbd_conf.o
    0x08007d7a   0x00000014   Code   RO         1082    i.USBD_LL_CloseEP   usbd_conf.o
    0x08007d8e   0x000000da   Code   RO          413    i.USBD_LL_DataInStage  usbd_core.o
    0x08007e68   0x00000086   Code   RO          414    i.USBD_LL_DataOutStage  usbd_core.o
    0x08007eee   0x00000006   Code   RO          415    i.USBD_LL_DevConnected  usbd_core.o
    0x08007ef4   0x0000001a   Code   RO          416    i.USBD_LL_DevDisconnected  usbd_core.o
    0x08007f0e   0x00000014   Code   RO         1085    i.USBD_LL_FlushEP   usbd_conf.o
    0x08007f22   0x00000012   Code   RO         1086    i.USBD_LL_GetRxDataSize  usbd_conf.o
    0x08007f34   0x00000074   Code   RO         1087    i.USBD_LL_Init      usbd_conf.o
    0x08007fa8   0x00000038   Code   RO         1088    i.USBD_LL_IsStallEP  usbd_conf.o
    0x08007fe0   0x00000006   Code   RO          417    i.USBD_LL_IsoINIncomplete  usbd_core.o
    0x08007fe6   0x00000006   Code   RO          418    i.USBD_LL_IsoOUTIncomplete  usbd_core.o
    0x08007fec   0x00000020   Code   RO         1089    i.USBD_LL_OpenEP    usbd_conf.o
    0x0800800c   0x00000020   Code   RO         1090    i.USBD_LL_PrepareReceive  usbd_conf.o
    0x0800802c   0x00000044   Code   RO          419    i.USBD_LL_Reset     usbd_core.o
    0x08008070   0x0000000e   Code   RO          420    i.USBD_LL_Resume    usbd_core.o
    0x0800807e   0x00000022   Code   RO          421    i.USBD_LL_SOF       usbd_core.o
    0x080080a0   0x00000008   Code   RO          422    i.USBD_LL_SetSpeed  usbd_core.o
    0x080080a8   0x00000014   Code   RO         1091    i.USBD_LL_SetUSBAddress  usbd_conf.o
    0x080080bc   0x0000006e   Code   RO          423    i.USBD_LL_SetupStage  usbd_core.o
    0x0800812a   0x00000014   Code   RO         1092    i.USBD_LL_StallEP   usbd_conf.o
    0x0800813e   0x00000010   Code   RO         1093    i.USBD_LL_Start     usbd_conf.o
    0x0800814e   0x00000014   Code   RO          424    i.USBD_LL_Suspend   usbd_core.o
    0x08008162   0x00000020   Code   RO         1095    i.USBD_LL_Transmit  usbd_conf.o
    0x08008182   0x00000012   Code   RO          608    i.USBD_MSC_DataIn   usbd_msc.o
    0x08008194   0x00000012   Code   RO          609    i.USBD_MSC_DataOut  usbd_msc.o
    0x080081a6   0x00000034   Code   RO          610    i.USBD_MSC_DeInit   usbd_msc.o
    0x080081da   0x00000002   PAD
    0x080081dc   0x00000010   Code   RO          611    i.USBD_MSC_GetDeviceQualifierDescriptor  usbd_msc.o
    0x080081ec   0x00000010   Code   RO          612    i.USBD_MSC_GetFSCfgDesc  usbd_msc.o
    0x080081fc   0x00000010   Code   RO          613    i.USBD_MSC_GetHSCfgDesc  usbd_msc.o
    0x0800820c   0x00000010   Code   RO          614    i.USBD_MSC_GetOtherSpeedCfgDesc  usbd_msc.o
    0x0800821c   0x00000064   Code   RO          615    i.USBD_MSC_Init     usbd_msc.o
    0x08008280   0x0000000c   Code   RO          616    i.USBD_MSC_RegisterStorage  usbd_msc.o
    0x0800828c   0x0000012a   Code   RO          617    i.USBD_MSC_Setup    usbd_msc.o
    0x080083b6   0x00000028   Code   RO          185    i.USBD_ParseSetupRequest  usbd_ctlreq.o
    0x080083de   0x00000010   Code   RO          425    i.USBD_RegisterClass  usbd_core.o
    0x080083ee   0x00000006   Code   RO          426    i.USBD_RunTestMode  usbd_core.o
    0x080083f4   0x00000054   Code   RO          186    i.USBD_SetAddress   usbd_ctlreq.o
    0x08008448   0x00000022   Code   RO          427    i.USBD_SetClassConfig  usbd_core.o
    0x0800846a   0x00000002   PAD
    0x0800846c   0x000000e0   Code   RO          187    i.USBD_SetConfig    usbd_ctlreq.o
    0x0800854c   0x00000024   Code   RO          188    i.USBD_SetFeature   usbd_ctlreq.o
    0x08008570   0x0000000e   Code   RO          428    i.USBD_Start        usbd_core.o
    0x0800857e   0x00000072   Code   RO          189    i.USBD_StdDevReq    usbd_ctlreq.o
    0x080085f0   0x00000156   Code   RO          190    i.USBD_StdEPReq     usbd_ctlreq.o
    0x08008746   0x0000004a   Code   RO          191    i.USBD_StdItfReq    usbd_ctlreq.o
    0x08008790   0x000000c4   Code   RO         3586    i.USB_ActivateEndpoint  stm32f7xx_ll_usb.o
    0x08008854   0x00000044   Code   RO         3587    i.USB_ActivateSetup  stm32f7xx_ll_usb.o
    0x08008898   0x00000070   Code   RO         3589    i.USB_CoreInit      stm32f7xx_ll_usb.o
    0x08008908   0x0000004c   Code   RO         3590    i.USB_CoreReset     stm32f7xx_ll_usb.o
    0x08008954   0x000000a8   Code   RO         3592    i.USB_DeactivateEndpoint  stm32f7xx_ll_usb.o
    0x080089fc   0x0000001e   Code   RO         3593    i.USB_DevConnect    stm32f7xx_ll_usb.o
    0x08008a1a   0x0000001e   Code   RO         3594    i.USB_DevDisconnect  stm32f7xx_ll_usb.o
    0x08008a38   0x000001ac   Code   RO         3595    i.USB_DevInit       stm32f7xx_ll_usb.o
    0x08008be4   0x0000000e   Code   RO         3596    i.USB_DisableGlobalInt  stm32f7xx_ll_usb.o
    0x08008bf2   0x00000002   PAD
    0x08008bf4   0x000001b0   Code   RO         3599    i.USB_EP0StartXfer  stm32f7xx_ll_usb.o
    0x08008da4   0x00000044   Code   RO         3600    i.USB_EP0_OutStart  stm32f7xx_ll_usb.o
    0x08008de8   0x00000088   Code   RO         3601    i.USB_EPClearStall  stm32f7xx_ll_usb.o
    0x08008e70   0x0000008c   Code   RO         3602    i.USB_EPSetStall    stm32f7xx_ll_usb.o
    0x08008efc   0x000002d0   Code   RO         3603    i.USB_EPStartXfer   stm32f7xx_ll_usb.o
    0x080091cc   0x0000000e   Code   RO         3604    i.USB_EnableGlobalInt  stm32f7xx_ll_usb.o
    0x080091da   0x00000002   PAD
    0x080091dc   0x0000002c   Code   RO         3605    i.USB_FlushRxFifo   stm32f7xx_ll_usb.o
    0x08009208   0x00000030   Code   RO         3606    i.USB_FlushTxFifo   stm32f7xx_ll_usb.o
    0x08009238   0x00000044   Code   RO         3608    i.USB_GetDevSpeed   stm32f7xx_ll_usb.o
    0x0800927c   0x0000000a   Code   RO         3610    i.USB_GetMode       stm32f7xx_ll_usb.o
    0x08009286   0x00000012   Code   RO         3617    i.USB_ReadDevAllInEpInterrupt  stm32f7xx_ll_usb.o
    0x08009298   0x00000012   Code   RO         3618    i.USB_ReadDevAllOutEpInterrupt  stm32f7xx_ll_usb.o
    0x080092aa   0x0000002c   Code   RO         3619    i.USB_ReadDevInEPInterrupt  stm32f7xx_ll_usb.o
    0x080092d6   0x00000016   Code   RO         3620    i.USB_ReadDevOutEPInterrupt  stm32f7xx_ll_usb.o
    0x080092ec   0x0000000c   Code   RO         3621    i.USB_ReadInterrupts  stm32f7xx_ll_usb.o
    0x080092f8   0x00000028   Code   RO         3622    i.USB_ReadPacket    stm32f7xx_ll_usb.o
    0x08009320   0x00000030   Code   RO         3624    i.USB_SetCurrentMode  stm32f7xx_ll_usb.o
    0x08009350   0x00000024   Code   RO         3625    i.USB_SetDevAddress  stm32f7xx_ll_usb.o
    0x08009374   0x00000010   Code   RO         3626    i.USB_SetDevSpeed   stm32f7xx_ll_usb.o
    0x08009384   0x0000003a   Code   RO         3629    i.USB_WritePacket   stm32f7xx_ll_usb.o
    0x080093be   0x00000004   Code   RO         1613    i.UsageFault_Handler  stm32f7xx_it.o
    0x080093c2   0x00000332   Code   RO         6278    i.bayer2binary      bayer2binary.o
    0x080096f4   0x000000b8   Code   RO         7997    i.binaryDilation    binarydilation.o
    0x080097ac   0x000000b8   Code   RO         8012    i.binaryErosion     binaryerosion.o
    0x08009864   0x00000070   Code   RO         1459    i.imageProcessing   main.o
    0x080098d4   0x00000088   Code   RO         1460    i.main              main.o
    0x0800995c   0x000001a8   Code   RO         6248    i.segment           segmentation.o
    0x08009b04   0x0000000c   Code   RO         6249    i.segmentGetCount   segmentation.o
    0x08009b10   0x0000000c   Code   RO         6250    i.segmentGetInfo    segmentation.o
    0x08009b1c   0x0000000a   Code   RO         8682    x$fpl$fpinit        fz_wm.l(fpinit.o)
    0x08009b26   0x00000018   Data   RO            7    .constdata          system_stm32f7xx.o
    0x08009b3e   0x00000024   Data   RO         1839    .constdata          usbd_storage_if.o
    0x08009b62   0x00000008   Data   RO         2281    .constdata          stm32f7xx_hal_dma.o
    0x08009b6a   0x00000002   PAD
    0x08009b6c   0x00000030   Data   RO         8825    Region$$Table       anon$$obj.o


    Execution Region RW_IRAM1 (Base: 0x20000000, Size: 0x00001e98, Max: 0x00080000, ABSOLUTE, COMPRESSED[0x000003fc])

    Base Addr    Size         Type   Attr      Idx    E Section Name        Object

    0x20000000   0x00000004   Data   RW            8    .data               system_stm32f7xx.o
    0x20000004   0x00000001   Data   RW          192    .data               usbd_ctlreq.o
    0x20000005   0x00000003   PAD
    0x20000008   0x000000a2   Data   RW          618    .data               usbd_msc.o
    0x200000aa   0x00000002   PAD
    0x200000ac   0x00000004   Data   RW          831    .data               usbd_msc_scsi.o
    0x200000b0   0x00000044   Data   RW         1003    .data               usbd_desc.o
    0x200000f4   0x00000008   Data   RW         1463    .data               main.o
    0x200000fc   0x00000020   Data   RW         1840    .data               usbd_storage_if.o
    0x2000011c   0x00000004   Data   RW         5980    .data               stm32f7xx_hal.o
    0x20000120   0x0000061c   Data   RW         6129    .data               lib_stm32f7_ov5653.o
    0x2000073c   0x00000005   Data   RW         6251    .data               segmentation.o
    0x20000741   0x00000003   PAD
    0x20000744   0x00000200   Zero   RW         1002    .bss                usbd_desc.o
    0x20000944   0x000003c0   Zero   RW         1096    .bss                usbd_conf.o
    0x20000d04   0x00000224   Zero   RW         1263    .bss                usb_device.o
    0x20000f28   0x0000050c   Zero   RW         1461    .bss                main.o
    0x20001434   0x00000060   Zero   RW         8588    .bss                c_w.l(libspace.o)
    0x20001494   0x00000004   PAD
    0x20001498   0x00000500   Zero   RW          169    HEAP                startup_stm32f767xx.o
    0x20001998   0x00000500   Zero   RW          168    STACK               startup_stm32f767xx.o


    Execution Region RW_RAM1 (Base: 0xc0000000, Size: 0x00025800, Max: 0x02000000, ABSOLUTE, COMPRESSED[0x000004b8])

    Base Addr    Size         Type   Attr      Idx    E Section Name        Object

    0xc0000000   0x00025800   Data   RW         1464    SDRAM               main.o


==============================================================================

Image component sizes


      Code (inc. data)   RO Data    RW Data    ZI Data      Debug   Object Name

       818          0          0          0          0       1463   bayer2binary.o
         0          0          0          0          0        484   binarization.o
         0          0          0          0          0        492   binaryclosing.o
       184         16          0          0          0       1509   binarydilation.o
       184         18          0          0          0       1492   binaryerosion.o
       216         28          0       1564          0       2995   lib_stm32f7_ov5653.o
      2152        186          0     153608       1292      11263   main.o
       448         20          0          5          0       3577   segmentation.o
        64         26        504          0       2560        816   startup_stm32f767xx.o
       116         14          0          4          0       3803   stm32f7xx_hal.o
       348         22          0          0          0      37673   stm32f7xx_hal_cortex.o
       992         24          0          0          0       7115   stm32f7xx_hal_dcmi.o
      1466         20          8          0          0       7082   stm32f7xx_hal_dma.o
      4094         42          0          0          0       4941   stm32f7xx_hal_dma_ex.o
       548         52          0          0          0       2436   stm32f7xx_hal_gpio.o
      1050         18          0          0          0       8453   stm32f7xx_hal_i2c.o
       106          0          0          0          0       1127   stm32f7xx_hal_i2c_ex.o
       396         24          0          0          0       2163   stm32f7xx_hal_i2s.o
       920          6          0          0          0       2867   stm32f7xx_hal_ltdc.o
      1402        166          0          0          0       5565   stm32f7xx_hal_msp.o
      3174         44          0          0          0      11972   stm32f7xx_hal_pcd.o
       132          4          0          0          0       2500   stm32f7xx_hal_pcd_ex.o
       144          8          0          0          0       1280   stm32f7xx_hal_pwr_ex.o
       716         50          0          0          0       4044   stm32f7xx_hal_rcc.o
      3664         32          0          0          0       3716   stm32f7xx_hal_rcc_ex.o
       178          0          0          0          0       1195   stm32f7xx_hal_spi.o
      1486         50          0          0          0       4577   stm32f7xx_hal_uart.o
       116         30          0          0          0       6637   stm32f7xx_it.o
      3114         58          0          0          0      20706   stm32f7xx_ll_usb.o
       720        124         24          4          0     509191   system_stm32f7xx.o
        52         16          0          0        548        716   usb_device.o
      1082         48          0          0        960      16053   usbd_conf.o
       792          0          0          0          0      12909   usbd_core.o
      1614         22          0          1          0      15340   usbd_ctlreq.o
       316        130          0         68        512       6079   usbd_desc.o
       134          0          0          0          0       3984   usbd_ioreq.o
       562         24          0        162          0      13430   usbd_msc.o
       708          8          0          0          0       9076   usbd_msc_bot.o
      3696         48          0          4          0      25804   usbd_msc_scsi.o
        54          0         36         32          0       4583   usbd_storage_if.o

    ----------------------------------------------------------------------
     38008       1378        622     155460       5872     781108   Object Totals
         0          0         48          0          0          0   (incl. Generated)
        50          0          2          8          0          0   (incl. Padding)

    ----------------------------------------------------------------------

      Code (inc. data)   RO Data    RW Data    ZI Data      Debug   Library Member Name

        90          0          0          0          0          0   __dczerorl2.o
         8          0          0          0          0         68   __main.o
         0          0          0          0          0          0   __rtentry.o
        12          0          0          0          0          0   __rtentry2.o
         6          0          0          0          0          0   __rtentry4.o
        52          8          0          0          0          0   __scatter.o
        28          0          0          0          0          0   __scatter_zi.o
        40          0          0          0          0         80   calloc.o
        10          0          0          0          0         68   defsig_exit.o
        50          0          0          0          0         88   defsig_general.o
        80         58          0          0          0         76   defsig_rtmem_inner.o
        14          0          0          0          0         80   defsig_rtmem_outer.o
        18          0          0          0          0         80   exit.o
        94          0          0          0          0         80   h1_alloc.o
        52          0          0          0          0         68   h1_extend.o
        78          0          0          0          0         80   h1_free.o
        14          0          0          0          0         84   h1_init.o
         6          0          0          0          0        152   heapauxi.o
         4          0          0          0          0        136   hguard.o
         0          0          0          0          0          0   indicate_semi.o
       138          0          0          0          0        168   init_alloc.o
         2          0          0          0          0          0   libinit.o
        14          0          0          0          0          0   libinit2.o
         2          0          0          0          0          0   libshutdown.o
         2          0          0          0          0          0   libshutdown2.o
         8          4          0          0         96         68   libspace.o
         0          0          0          0          0          0   maybetermalloc1.o
         8          4          0          0          0         68   rt_heap_descriptor_intlibspace.o
        68          0          0          0          0         68   rt_memclr.o
        78          0          0          0          0         80   rt_memclr_w.o
       100          0          0          0          0         80   rt_memcpy_w.o
         2          0          0          0          0          0   rtexit.o
        10          0          0          0          0          0   rtexit2.o
        12          4          0          0          0         68   sys_exit.o
        74          0          0          0          0         80   sys_stackheap_outer.o
        14          0          0          0          0         76   sys_wrch.o
         2          0          0          0          0         68   use_no_semi.o
        10          0          0          0          0        116   fpinit.o

    ----------------------------------------------------------------------
      1206         78          0          0        100       2080   Library Totals
         6          0          0          0          4          0   (incl. Padding)

    ----------------------------------------------------------------------

      Code (inc. data)   RO Data    RW Data    ZI Data      Debug   Library Name

      1190         78          0          0         96       1964   c_w.l
        10          0          0          0          0        116   fz_wm.l

    ----------------------------------------------------------------------
      1206         78          0          0        100       2080   Library Totals

    ----------------------------------------------------------------------

==============================================================================


      Code (inc. data)   RO Data    RW Data    ZI Data      Debug   

     39214       1456        622     155460       5972     754448   Grand Totals
     39214       1456        622       2228       5972     754448   ELF Image Totals (compressed)
     39214       1456        622       2228          0          0   ROM Totals

==============================================================================

    Total RO  Size (Code + RO Data)                39836 (  38.90kB)
    Total RW  Size (RW Data + ZI Data)            161432 ( 157.65kB)
    Total ROM Size (Code + RO Data + RW Data)      42064 (  41.08kB)

==============================================================================

